Archive member included to satisfy reference by file (symbol)

C:/Users/Thomas/Desktop/HEI4/Semestre1/Domaine/Reseau/hei-2018-2019-lab-sens-it-roland-gosselin-baron/sensit-sdk-v2.0.0/sdk/lib\libSENSIT_SDK_V2.0.0.a(addon_sigfox_verified_api.o)
                              C:/Users/Thomas/Desktop/HEI4/Semestre1/Domaine/Reseau/hei-2018-2019-lab-sens-it-roland-gosselin-baron/sensit-sdk-v2.0.0/sdk/obj/AT_functions.o (ADDON_SIGFOX_VERIFIED_API_get_version)
C:/Users/Thomas/Desktop/HEI4/Semestre1/Domaine/Reseau/hei-2018-2019-lab-sens-it-roland-gosselin-baron/sensit-sdk-v2.0.0/sdk/lib\libSENSIT_SDK_V2.0.0.a(mcu_api.o)
                              C:/Users/Thomas/Desktop/HEI4/Semestre1/Domaine/Reseau/hei-2018-2019-lab-sens-it-roland-gosselin-baron/sensit-sdk-v2.0.0/sdk/lib\libSENSIT_SDK_V2.0.0.a(addon_sigfox_verified_api.o) (MCU_API_timer_start)
C:/Users/Thomas/Desktop/HEI4/Semestre1/Domaine/Reseau/hei-2018-2019-lab-sens-it-roland-gosselin-baron/sensit-sdk-v2.0.0/sdk/lib\libSENSIT_SDK_V2.0.0.a(nvmem_api.o)
                              C:/Users/Thomas/Desktop/HEI4/Semestre1/Domaine/Reseau/hei-2018-2019-lab-sens-it-roland-gosselin-baron/sensit-sdk-v2.0.0/sdk/lib\libSENSIT_SDK_V2.0.0.a(mcu_api.o) (NVMEM_API_get_device_id)
C:/Users/Thomas/Desktop/HEI4/Semestre1/Domaine/Reseau/hei-2018-2019-lab-sens-it-roland-gosselin-baron/sensit-sdk-v2.0.0/sdk/lib\libSENSIT_SDK_V2.0.0.a(radio.o)
                              C:/Users/Thomas/Desktop/HEI4/Semestre1/Domaine/Reseau/hei-2018-2019-lab-sens-it-roland-gosselin-baron/sensit-sdk-v2.0.0/sdk/lib\libSENSIT_SDK_V2.0.0.a(mcu_api.o) (RADIO_is_600bps)
C:/Users/Thomas/Desktop/HEI4/Semestre1/Domaine/Reseau/hei-2018-2019-lab-sens-it-roland-gosselin-baron/sensit-sdk-v2.0.0/sdk/lib\libSENSIT_SDK_V2.0.0.a(rtc.o)
                              C:/Users/Thomas/Desktop/HEI4/Semestre1/Domaine/Reseau/hei-2018-2019-lab-sens-it-roland-gosselin-baron/sensit-sdk-v2.0.0/sdk/lib\libSENSIT_SDK_V2.0.0.a(mcu_api.o) (RTC_set_rx_timer)
C:/Users/Thomas/Desktop/HEI4/Semestre1/Domaine/Reseau/hei-2018-2019-lab-sens-it-roland-gosselin-baron/sensit-sdk-v2.0.0/sdk/lib\libSENSIT_SDK_V2.0.0.a(sensit_api.o)
                              C:/Users/Thomas/Desktop/HEI4/Semestre1/Domaine/Reseau/hei-2018-2019-lab-sens-it-roland-gosselin-baron/sensit-sdk-v2.0.0/sdk/obj/AT_functions.o (SENSIT_API_get_sdk_version)
C:/Users/Thomas/Desktop/HEI4/Semestre1/Domaine/Reseau/hei-2018-2019-lab-sens-it-roland-gosselin-baron/sensit-sdk-v2.0.0/sdk/lib\libSENSIT_SDK_V2.0.0.a(sigfox_api.o)
                              C:/Users/Thomas/Desktop/HEI4/Semestre1/Domaine/Reseau/hei-2018-2019-lab-sens-it-roland-gosselin-baron/sensit-sdk-v2.0.0/sdk/obj/radio_api.o (SIGFOX_API_open)
C:/Users/Thomas/Desktop/HEI4/Semestre1/Domaine/Reseau/hei-2018-2019-lab-sens-it-roland-gosselin-baron/sensit-sdk-v2.0.0/sdk/lib\libSENSIT_SDK_V2.0.0.a(sigfox_internal.o)
                              C:/Users/Thomas/Desktop/HEI4/Semestre1/Domaine/Reseau/hei-2018-2019-lab-sens-it-roland-gosselin-baron/sensit-sdk-v2.0.0/sdk/lib\libSENSIT_SDK_V2.0.0.a(sigfox_api.o) (SIGFOX_INT_get_max_micro_channel)
C:/Users/Thomas/Desktop/HEI4/Semestre1/Domaine/Reseau/hei-2018-2019-lab-sens-it-roland-gosselin-baron/sensit-sdk-v2.0.0/sdk/lib\libSENSIT_SDK_V2.0.0.a(sigfox_pn.o)
                              C:/Users/Thomas/Desktop/HEI4/Semestre1/Domaine/Reseau/hei-2018-2019-lab-sens-it-roland-gosselin-baron/sensit-sdk-v2.0.0/sdk/lib\libSENSIT_SDK_V2.0.0.a(sigfox_internal.o) (SIGFOX_PN_next_pn)
C:/Users/Thomas/Desktop/HEI4/Semestre1/Domaine/Reseau/hei-2018-2019-lab-sens-it-roland-gosselin-baron/sensit-sdk-v2.0.0/sdk/lib\libSENSIT_SDK_V2.0.0.a(sigfox_scramb.o)
                              C:/Users/Thomas/Desktop/HEI4/Semestre1/Domaine/Reseau/hei-2018-2019-lab-sens-it-roland-gosselin-baron/sensit-sdk-v2.0.0/sdk/lib\libSENSIT_SDK_V2.0.0.a(sigfox_internal.o) (SIGFOX_SCRAMB_compute)
C:/Users/Thomas/Desktop/HEI4/Semestre1/Domaine/Reseau/hei-2018-2019-lab-sens-it-roland-gosselin-baron/sensit-sdk-v2.0.0/sdk/lib\libSENSIT_SDK_V2.0.0.a(sleep.o)
                              C:/Users/Thomas/Desktop/HEI4/Semestre1/Domaine/Reseau/hei-2018-2019-lab-sens-it-roland-gosselin-baron/sensit-sdk-v2.0.0/sdk/lib\libSENSIT_SDK_V2.0.0.a(rtc.o) (SLEEP_handler)
C:/Users/Thomas/Desktop/HEI4/Semestre1/Domaine/Reseau/hei-2018-2019-lab-sens-it-roland-gosselin-baron/sensit-sdk-v2.0.0/sdk/lib\libSENSIT_SDK_V2.0.0.a(spi.o)
                              C:/Users/Thomas/Desktop/HEI4/Semestre1/Domaine/Reseau/hei-2018-2019-lab-sens-it-roland-gosselin-baron/sensit-sdk-v2.0.0/sdk/lib\libSENSIT_SDK_V2.0.0.a(sensit_api.o) (SPI_init)
C:/Users/Thomas/Desktop/HEI4/Semestre1/Domaine/Reseau/hei-2018-2019-lab-sens-it-roland-gosselin-baron/sensit-sdk-v2.0.0/sdk/lib\libSENSIT_SDK_V2.0.0.a(startup_stm32f042x6.o)
                              (Reset_Handler)
C:/Users/Thomas/Desktop/HEI4/Semestre1/Domaine/Reseau/hei-2018-2019-lab-sens-it-roland-gosselin-baron/sensit-sdk-v2.0.0/sdk/lib\libSENSIT_SDK_V2.0.0.a(system_stm32f0xx.o)
[...]
Memory Configuration

Name             Origin             Length             Attributes
RAM              0x20000000         0x00001800         xrw
ROM              0x08000000         0x00007400         xr
*default*        0x00000000         0xffffffff

Linker script and memory map

LOAD C:/Users/Thomas/Desktop/HEI4/Semestre1/Domaine/Reseau/hei-2018-2019-lab-sens-it-roland-gosselin-baron/sensit-sdk-v2.0.0/sdk/obj/error.o
LOAD C:/Users/Thomas/Desktop/HEI4/Semestre1/Domaine/Reseau/hei-2018-2019-lab-sens-it-roland-gosselin-baron/sensit-sdk-v2.0.0/sdk/obj/button.o
LOAD C:/Users/Thomas/Desktop/HEI4/Semestre1/Domaine/Reseau/hei-2018-2019-lab-sens-it-roland-gosselin-baron/sensit-sdk-v2.0.0/sdk/obj/battery.o
LOAD C:/Users/Thomas/Desktop/HEI4/Semestre1/Domaine/Reseau/hei-2018-2019-lab-sens-it-roland-gosselin-baron/sensit-sdk-v2.0.0/sdk/obj/callback.o
LOAD C:/Users/Thomas/Desktop/HEI4/Semestre1/Domaine/Reseau/hei-2018-2019-lab-sens-it-roland-gosselin-baron/sensit-sdk-v2.0.0/sdk/obj/serial.o
LOAD C:/Users/Thomas/Desktop/HEI4/Semestre1/Domaine/Reseau/hei-2018-2019-lab-sens-it-roland-gosselin-baron/sensit-sdk-v2.0.0/sdk/obj/radio_api.o
LOAD C:/Users/Thomas/Desktop/HEI4/Semestre1/Domaine/Reseau/hei-2018-2019-lab-sens-it-roland-gosselin-baron/sensit-sdk-v2.0.0/sdk/obj/etsi.o
LOAD C:/Users/Thomas/Desktop/HEI4/Semestre1/Domaine/Reseau/hei-2018-2019-lab-sens-it-roland-gosselin-baron/sensit-sdk-v2.0.0/sdk/obj/fcc.o
LOAD C:/Users/Thomas/Desktop/HEI4/Semestre1/Domaine/Reseau/hei-2018-2019-lab-sens-it-roland-gosselin-baron/sensit-sdk-v2.0.0/sdk/obj/hts221.o
LOAD C:/Users/Thomas/Desktop/HEI4/Semestre1/Domaine/Reseau/hei-2018-2019-lab-sens-it-roland-gosselin-baron/sensit-sdk-v2.0.0/sdk/obj/ltr329.o
LOAD C:/Users/Thomas/Desktop/HEI4/Semestre1/Domaine/Reseau/hei-2018-2019-lab-sens-it-roland-gosselin-baron/sensit-sdk-v2.0.0/sdk/obj/fxos8700.o
LOAD C:/Users/Thomas/Desktop/HEI4/Semestre1/Domaine/Reseau/hei-2018-2019-lab-sens-it-roland-gosselin-baron/sensit-sdk-v2.0.0/sdk/obj/AT_parser.o
LOAD C:/Users/Thomas/Desktop/HEI4/Semestre1/Domaine/Reseau/hei-2018-2019-lab-sens-it-roland-gosselin-baron/sensit-sdk-v2.0.0/sdk/obj/AT_functions.o
LOAD C:/Users/Thomas/Desktop/HEI4/Semestre1/Domaine/Reseau/hei-2018-2019-lab-sens-it-roland-gosselin-baron/sensit-sdk-v2.0.0/sdk/obj/discovery.o
LOAD C:/Users/Thomas/Desktop/HEI4/Semestre1/Domaine/Reseau/hei-2018-2019-lab-sens-it-roland-gosselin-baron/sensit-sdk-v2.0.0/sdk/obj/main.o
LOAD C:/Users/Thomas/Desktop/HEI4/Semestre1/Domaine/Reseau/hei-2018-2019-lab-sens-it-roland-gosselin-baron/sensit-sdk-v2.0.0/sdk/lib\libSENSIT_SDK_V2.0.0.a
                0x20001800                _estack = 0x20001800
                0x00000000                _Min_Heap_Size = 0x0
                0x00000400                _Min_Stack_Size = 0x400

.isr_vector     0x08000000       0xc0
                0x08000000                . = ALIGN (0x4)
 *(.isr_vector)
 .isr_vector    0x08000000       0xc0 C:/Users/Thomas/Desktop/HEI4/Semestre1/Domaine/Reseau/hei-2018-2019-lab-sens-it-roland-gosselin-baron/sensit-sdk-v2.0.0/sdk/lib\libSENSIT_SDK_V2.0.0.a(startup_stm32f042x6.o)
                0x08000000                g_pfnVectors
                0x080000c0                . = ALIGN (0x4)

.text           0x080000c0     0x5c28
                0x080000c0                . = ALIGN (0x4)
 *(.text)
 .text          0x080000c0       0x14 c:/program files (x86)/gnu tools arm embedded/7 2018-q2-update/bin/../lib/gcc/arm-none-eabi/7.3.1/thumb/v6-m\libgcc.a(_thumb1_case_uqi.o)
                0x080000c0                __gnu_thumb1_case_uqi
 .text          0x080000d4       0x14 c:/program files (x86)/gnu tools arm embedded/7 2018-q2-update/bin/../lib/gcc/arm-none-eabi/7.3.1/thumb/v6-m\libgcc.a(_thumb1_case_uhi.o)
                0x080000d4                __gnu_thumb1_case_uhi
 .text          0x080000e8      0x114 c:/program files (x86)/gnu tools arm embedded/7 2018-q2-update/bin/../lib/gcc/arm-none-eabi/7.3.1/thumb/v6-m\libgcc.a(_udivsi3.o)
                0x080000e8                __aeabi_uidiv
                0x080000e8                __udivsi3
                0x080001f4                __aeabi_uidivmod
 .text          0x080001fc      0x1d4 c:/program files (x86)/gnu tools arm embedded/7 2018-q2-update/bin/../lib/gcc/arm-none-eabi/7.3.1/thumb/v6-m\libgcc.a(_divsi3.o)
                0x080001fc                __divsi3
                0x080001fc                __aeabi_idiv
                0x080003c8                __aeabi_idivmod
 .text          0x080003d0        0x4 c:/program files (x86)/gnu tools arm embedded/7 2018-q2-update/bin/../lib/gcc/arm-none-eabi/7.3.1/thumb/v6-m\libgcc.a(_dvmd_tls.o)
                0x080003d0                __aeabi_idiv0
                0x080003d0                __aeabi_ldiv0
 .text          0x080003d4       0x30 c:/program files (x86)/gnu tools arm embedded/7 2018-q2-update/bin/../lib/gcc/arm-none-eabi/7.3.1/thumb/v6-m\libgcc.a(_fixunssfsi.o)
                0x080003d4                __fixunssfsi
                0x080003d4                __aeabi_f2uiz
 .text          0x08000404      0x224 c:/program files (x86)/gnu tools arm embedded/7 2018-q2-update/bin/../lib/gcc/arm-none-eabi/7.3.1/thumb/v6-m\libgcc.a(divsf3.o)
                0x08000404                __aeabi_fdiv
 .text          0x08000628      0x264 c:/program files (x86)/gnu tools arm embedded/7 2018-q2-update/bin/../lib/gcc/arm-none-eabi/7.3.1/thumb/v6-m\libgcc.a(mulsf3.o)
                0x08000628                __aeabi_fmul
 .text          0x0800088c      0x388 c:/program files (x86)/gnu tools arm embedded/7 2018-q2-update/bin/../lib/gcc/arm-none-eabi/7.3.1/thumb/v6-m\libgcc.a(subsf3.o)
                0x0800088c                __aeabi_fsub
 .text          0x08000c14       0x40 c:/program files (x86)/gnu tools arm embedded/7 2018-q2-update/bin/../lib/gcc/arm-none-eabi/7.3.1/thumb/v6-m\libgcc.a(fixsfsi.o)
                0x08000c14                __aeabi_f2iz
 .text          0x08000c54       0x80 c:/program files (x86)/gnu tools arm embedded/7 2018-q2-update/bin/../lib/gcc/arm-none-eabi/7.3.1/thumb/v6-m\libgcc.a(floatunsisf.o)
                0x08000c54                __aeabi_ui2f
 .text          0x08000cd4       0x74 c:/program files (x86)/gnu tools arm embedded/7 2018-q2-update/bin/../lib/gcc/arm-none-eabi/7.3.1/thumb/v6-m\libgcc.a(_arm_cmpsf2.o)
                0x08000cd4                __aeabi_cfrcmple
                0x08000cdc                __aeabi_cfcmpeq
                0x08000cdc                __aeabi_cfcmple
                0x08000cec                __aeabi_fcmpeq
                0x08000cf8                __aeabi_fcmplt
                0x08000d0c                __aeabi_fcmple
                0x08000d20                __aeabi_fcmpgt
                0x08000d34                __aeabi_fcmpge
 .text          0x08000d48       0x3c c:/program files (x86)/gnu tools arm embedded/7 2018-q2-update/bin/../lib/gcc/arm-none-eabi/7.3.1/thumb/v6-m\libgcc.a(_clzsi2.o)
                0x08000d48                __clzsi2
 .text          0x08000d84       0x50 c:/program files (x86)/gnu tools arm embedded/7 2018-q2-update/bin/../lib/gcc/arm-none-eabi/7.3.1/thumb/v6-m\libgcc.a(eqsf2.o)
                0x08000d84                __eqsf2
                0x08000d84                __nesf2
 .text          0x08000dd4       0x9c c:/program files (x86)/gnu tools arm embedded/7 2018-q2-update/bin/../lib/gcc/arm-none-eabi/7.3.1/thumb/v6-m\libgcc.a(gesf2.o)
                0x08000dd4                __gesf2
                0x08000dd4                __gtsf2
 .text          0x08000e70       0xa0 c:/program files (x86)/gnu tools arm embedded/7 2018-q2-update/bin/../lib/gcc/arm-none-eabi/7.3.1/thumb/v6-m\libgcc.a(lesf2.o)
                0x08000e70                __ltsf2
                0x08000e70                __lesf2
 *(.text*)
 .text.ERROR_loop
                0x08000f10       0x44 C:/Users/Thomas/Desktop/HEI4/Semestre1/Domaine/Reseau/hei-2018-2019-lab-sens-it-roland-gosselin-baron/sensit-sdk-v2.0.0/sdk/obj/error.o
 .text.ERROR_parser
                0x08000f54       0xcc C:/Users/Thomas/Desktop/HEI4/Semestre1/Domaine/Reseau/hei-2018-2019-lab-sens-it-roland-gosselin-baron/sensit-sdk-v2.0.0/sdk/obj/error.o
                0x08000f54                ERROR_parser
 .text.BUTTON_handler
                0x08001020       0x5e C:/Users/Thomas/Desktop/HEI4/Semestre1/Domaine/Reseau/hei-2018-2019-lab-sens-it-roland-gosselin-baron/sensit-sdk-v2.0.0/sdk/obj/button.o
                0x08001020                BUTTON_handler
 *fill*         0x0800107e        0x2 
 .text.BATTERY_handler
                0x08001080       0x90 C:/Users/Thomas/Desktop/HEI4/Semestre1/Domaine/Reseau/hei-2018-2019-lab-sens-it-roland-gosselin-baron/sensit-sdk-v2.0.0/sdk/obj/battery.o
                0x08001080                BATTERY_handler
 .text.CALLBACK_report_test_result
                0x08001110        0x2 C:/Users/Thomas/Desktop/HEI4/Semestre1/Domaine/Reseau/hei-2018-2019-lab-sens-it-roland-gosselin-baron/sensit-sdk-v2.0.0/sdk/obj/callback.o
                0x08001110                CALLBACK_report_test_result
 *fill*         0x08001112        0x2 
 .text.RADIO_API_init
                0x08001114       0x4c C:/Users/Thomas/Desktop/HEI4/Semestre1/Domaine/Reseau/hei-2018-2019-lab-sens-it-roland-gosselin-baron/sensit-sdk-v2.0.0/sdk/obj/radio_api.o
                0x08001114                RADIO_API_init
 .text.RADIO_API_send_message
                0x08001160       0x80 C:/Users/Thomas/Desktop/HEI4/Semestre1/Domaine/Reseau/hei-2018-2019-lab-sens-it-roland-gosselin-baron/sensit-sdk-v2.0.0/sdk/obj/radio_api.o
                0x08001160                RADIO_API_send_message
 .text.ETSI_handler
                0x080011e0       0x84 C:/Users/Thomas/Desktop/HEI4/Semestre1/Domaine/Reseau/hei-2018-2019-lab-sens-it-roland-gosselin-baron/sensit-sdk-v2.0.0/sdk/obj/etsi.o
                0x080011e0                ETSI_handler
 .text.FCC_handler
                0x08001264       0x50 C:/Users/Thomas/Desktop/HEI4/Semestre1/Domaine/Reseau/hei-2018-2019-lab-sens-it-roland-gosselin-baron/sensit-sdk-v2.0.0/sdk/obj/fcc.o
                0x08001264                FCC_handler
 .text.HTS221_init
                0x080012b4       0xbc C:/Users/Thomas/Desktop/HEI4/Semestre1/Domaine/Reseau/hei-2018-2019-lab-sens-it-roland-gosselin-baron/sensit-sdk-v2.0.0/sdk/obj/hts221.o
                0x080012b4                HTS221_init
 .text.LTR329_init
                0x08001370       0x54 C:/Users/Thomas/Desktop/HEI4/Semestre1/Domaine/Reseau/hei-2018-2019-lab-sens-it-roland-gosselin-baron/sensit-sdk-v2.0.0/sdk/obj/ltr329.o
                0x08001370                LTR329_init
 .text.FXOS8700_reset
                0x080013c4       0x28 C:/Users/Thomas/Desktop/HEI4/Semestre1/Domaine/Reseau/hei-2018-2019-lab-sens-it-roland-gosselin-baron/sensit-sdk-v2.0.0/sdk/obj/fxos8700.o
                0x080013c4                FXOS8700_reset
 .text.FXOS8700_init
                0x080013ec       0x2e C:/Users/Thomas/Desktop/HEI4/Semestre1/Domaine/Reseau/hei-2018-2019-lab-sens-it-roland-gosselin-baron/sensit-sdk-v2.0.0/sdk/obj/fxos8700.o
                0x080013ec                FXOS8700_init
 *fill*         0x0800141a        0x2 
 .text.FXOS8700_set_transient_mode
                0x0800141c       0xdc C:/Users/Thomas/Desktop/HEI4/Semestre1/Domaine/Reseau/hei-2018-2019-lab-sens-it-roland-gosselin-baron/sensit-sdk-v2.0.0/sdk/obj/fxos8700.o
                0x0800141c                FXOS8700_set_transient_mode
 .text.FXOS8700_clear_transient_interrupt
                0x080014f8       0x28 C:/Users/Thomas/Desktop/HEI4/Semestre1/Domaine/Reseau/hei-2018-2019-lab-sens-it-roland-gosselin-baron/sensit-sdk-v2.0.0/sdk/obj/fxos8700.o
                0x080014f8                FXOS8700_clear_transient_interrupt
 .text.DISCOVERY_build_payload
                0x08001520      0x108 C:/Users/Thomas/Desktop/HEI4/Semestre1/Domaine/Reseau/hei-2018-2019-lab-sens-it-roland-gosselin-baron/sensit-sdk-v2.0.0/sdk/obj/discovery.o
                0x08001520                DISCOVERY_build_payload
 .text.startup.main
                0x08001628      0x104 C:/Users/Thomas/Desktop/HEI4/Semestre1/Domaine/Reseau/hei-2018-2019-lab-sens-it-roland-gosselin-baron/sensit-sdk-v2.0.0/sdk/obj/main.o
                0x08001628                main
 .text.MCU_API_malloc
                0x0800172c       0x14 C:/Users/Thomas/Desktop/HEI4/Semestre1/Domaine/Reseau/hei-2018-2019-lab-sens-it-roland-gosselin-baron/sensit-sdk-v2.0.0/sdk/lib\libSENSIT_SDK_V2.0.0.a(mcu_api.o)
                0x0800172c                MCU_API_malloc
 .text.MCU_API_free
                0x08001740        0x4 C:/Users/Thomas/Desktop/HEI4/Semestre1/Domaine/Reseau/hei-2018-2019-lab-sens-it-roland-gosselin-baron/sensit-sdk-v2.0.0/sdk/lib\libSENSIT_SDK_V2.0.0.a(mcu_api.o)
                0x08001740                MCU_API_free
 .text.MCU_API_get_voltage_temperature
                0x08001744       0x22 C:/Users/Thomas/Desktop/HEI4/Semestre1/Domaine/Reseau/hei-2018-2019-lab-sens-it-roland-gosselin-baron/sensit-sdk-v2.0.0/sdk/lib\libSENSIT_SDK_V2.0.0.a(mcu_api.o)
                0x08001744                MCU_API_get_voltage_temperature
 .text.MCU_API_delay
                0x08001766       0x3e C:/Users/Thomas/Desktop/HEI4/Semestre1/Domaine/Reseau/hei-2018-2019-lab-sens-it-roland-gosselin-baron/sensit-sdk-v2.0.0/sdk/lib\libSENSIT_SDK_V2.0.0.a(mcu_api.o)
                0x08001766                MCU_API_delay
 .text.MCU_API_aes_128_cbc_encrypt
                0x080017a4       0x62 C:/Users/Thomas/Desktop/HEI4/Semestre1/Domaine/Reseau/hei-2018-2019-lab-sens-it-roland-gosselin-baron/sensit-sdk-v2.0.0/sdk/lib\libSENSIT_SDK_V2.0.0.a(mcu_api.o)
                0x080017a4                MCU_API_aes_128_cbc_encrypt
 .text.MCU_API_get_nv_mem
                0x08001806        0xe C:/Users/Thomas/Desktop/HEI4/Semestre1/Domaine/Reseau/hei-2018-2019-lab-sens-it-roland-gosselin-baron/sensit-sdk-v2.0.0/sdk/lib\libSENSIT_SDK_V2.0.0.a(mcu_api.o)
                0x08001806                MCU_API_get_nv_mem
 .text.MCU_API_set_nv_mem
                0x08001814       0x16 C:/Users/Thomas/Desktop/HEI4/Semestre1/Domaine/Reseau/hei-2018-2019-lab-sens-it-roland-gosselin-baron/sensit-sdk-v2.0.0/sdk/lib\libSENSIT_SDK_V2.0.0.a(mcu_api.o)
                0x08001814                MCU_API_set_nv_mem
 *fill*         0x0800182a        0x2 
 .text.MCU_API_timer_start_carrier_sense
                0x0800182c       0x60 C:/Users/Thomas/Desktop/HEI4/Semestre1/Domaine/Reseau/hei-2018-2019-lab-sens-it-roland-gosselin-baron/sensit-sdk-v2.0.0/sdk/lib\libSENSIT_SDK_V2.0.0.a(mcu_api.o)
                0x0800182c                MCU_API_timer_start_carrier_sense
 .text.TIM16_IRQHandler
                0x0800188c       0x24 C:/Users/Thomas/Desktop/HEI4/Semestre1/Domaine/Reseau/hei-2018-2019-lab-sens-it-roland-gosselin-baron/sensit-sdk-v2.0.0/sdk/lib\libSENSIT_SDK_V2.0.0.a(mcu_api.o)
                0x0800188c                TIM16_IRQHandler
 .text.MCU_API_timer_start
                0x080018b0        0xc C:/Users/Thomas/Desktop/HEI4/Semestre1/Domaine/Reseau/hei-2018-2019-lab-sens-it-roland-gosselin-baron/sensit-sdk-v2.0.0/sdk/lib\libSENSIT_SDK_V2.0.0.a(mcu_api.o)
                0x080018b0                MCU_API_timer_start
 .text.MCU_API_timer_stop
                0x080018bc        0x4 C:/Users/Thomas/Desktop/HEI4/Semestre1/Domaine/Reseau/hei-2018-2019-lab-sens-it-roland-gosselin-baron/sensit-sdk-v2.0.0/sdk/lib\libSENSIT_SDK_V2.0.0.a(mcu_api.o)
                0x080018bc                MCU_API_timer_stop
 .text.MCU_API_timer_stop_carrier_sense
                0x080018c0       0x38 C:/Users/Thomas/Desktop/HEI4/Semestre1/Domaine/Reseau/hei-2018-2019-lab-sens-it-roland-gosselin-baron/sensit-sdk-v2.0.0/sdk/lib\libSENSIT_SDK_V2.0.0.a(mcu_api.o)
                0x080018c0                MCU_API_timer_stop_carrier_sense
 .text.MCU_API_timer_wait_for_end
                0x080018f8       0x10 C:/Users/Thomas/Desktop/HEI4/Semestre1/Domaine/Reseau/hei-2018-2019-lab-sens-it-roland-gosselin-baron/sensit-sdk-v2.0.0/sdk/lib\libSENSIT_SDK_V2.0.0.a(mcu_api.o)
                0x080018f8                MCU_API_timer_wait_for_end
 .text.MCU_API_report_test_result
                0x08001908        0xa C:/Users/Thomas/Desktop/HEI4/Semestre1/Domaine/Reseau/hei-2018-2019-lab-sens-it-roland-gosselin-baron/sensit-sdk-v2.0.0/sdk/lib\libSENSIT_SDK_V2.0.0.a(mcu_api.o)
                0x08001908                MCU_API_report_test_result
 .text.MCU_API_get_device_id
                0x08001912       0x12 C:/Users/Thomas/Desktop/HEI4/Semestre1/Domaine/Reseau/hei-2018-2019-lab-sens-it-roland-gosselin-baron/sensit-sdk-v2.0.0/sdk/lib\libSENSIT_SDK_V2.0.0.a(mcu_api.o)
                0x08001912                MCU_API_get_device_id
 .text.NVMEM_API_get_device_id
                0x08001924       0x2c C:/Users/Thomas/Desktop/HEI4/Semestre1/Domaine/Reseau/hei-2018-2019-lab-sens-it-roland-gosselin-baron/sensit-sdk-v2.0.0/sdk/lib\libSENSIT_SDK_V2.0.0.a(nvmem_api.o)
                0x08001924                NVMEM_API_get_device_id
 .text.NVMEM_API_get_frequency_calibration
                0x08001950       0x1c C:/Users/Thomas/Desktop/HEI4/Semestre1/Domaine/Reseau/hei-2018-2019-lab-sens-it-roland-gosselin-baron/sensit-sdk-v2.0.0/sdk/lib\libSENSIT_SDK_V2.0.0.a(nvmem_api.o)
                0x08001950                NVMEM_API_get_frequency_calibration
 .text.NVMEM_API_get_radio_configuration
                0x0800196c       0x14 C:/Users/Thomas/Desktop/HEI4/Semestre1/Domaine/Reseau/hei-2018-2019-lab-sens-it-roland-gosselin-baron/sensit-sdk-v2.0.0/sdk/lib\libSENSIT_SDK_V2.0.0.a(nvmem_api.o)
                0x0800196c                NVMEM_API_get_radio_configuration
 .text.NVMEM_API_compute_aes
                0x08001980       0xc8 C:/Users/Thomas/Desktop/HEI4/Semestre1/Domaine/Reseau/hei-2018-2019-lab-sens-it-roland-gosselin-baron/sensit-sdk-v2.0.0/sdk/lib\libSENSIT_SDK_V2.0.0.a(nvmem_api.o)
                0x08001980                NVMEM_API_compute_aes
 .text.NVMEM_API_init_page_index
                0x08001a48       0xb4 C:/Users/Thomas/Desktop/HEI4/Semestre1/Domaine/Reseau/hei-2018-2019-lab-sens-it-roland-gosselin-baron/sensit-sdk-v2.0.0/sdk/lib\libSENSIT_SDK_V2.0.0.a(nvmem_api.o)
                0x08001a48                NVMEM_API_init_page_index
 .text.NVMEM_API_init
                0x08001afc       0xa0 C:/Users/Thomas/Desktop/HEI4/Semestre1/Domaine/Reseau/hei-2018-2019-lab-sens-it-roland-gosselin-baron/sensit-sdk-v2.0.0/sdk/lib\libSENSIT_SDK_V2.0.0.a(nvmem_api.o)
                0x08001afc                NVMEM_API_init
 .text.NVMEM_API_set_data
                0x08001b9c       0xd8 C:/Users/Thomas/Desktop/HEI4/Semestre1/Domaine/Reseau/hei-2018-2019-lab-sens-it-roland-gosselin-baron/sensit-sdk-v2.0.0/sdk/lib\libSENSIT_SDK_V2.0.0.a(nvmem_api.o)
                0x08001b9c                NVMEM_API_set_data
 .text.NVMEM_API_get_data
                0x08001c74       0x58 C:/Users/Thomas/Desktop/HEI4/Semestre1/Domaine/Reseau/hei-2018-2019-lab-sens-it-roland-gosselin-baron/sensit-sdk-v2.0.0/sdk/lib\libSENSIT_SDK_V2.0.0.a(nvmem_api.o)
                0x08001c74                NVMEM_API_get_data
 .text.RADIO_init
                0x08001ccc       0x1c C:/Users/Thomas/Desktop/HEI4/Semestre1/Domaine/Reseau/hei-2018-2019-lab-sens-it-roland-gosselin-baron/sensit-sdk-v2.0.0/sdk/lib\libSENSIT_SDK_V2.0.0.a(radio.o)
                0x08001ccc                RADIO_init
 .text.RADIO_power_on
                0x08001ce8       0x44 C:/Users/Thomas/Desktop/HEI4/Semestre1/Domaine/Reseau/hei-2018-2019-lab-sens-it-roland-gosselin-baron/sensit-sdk-v2.0.0/sdk/lib\libSENSIT_SDK_V2.0.0.a(radio.o)
                0x08001ce8                RADIO_power_on
 .text.RADIO_power_off
                0x08001d2c       0x2c C:/Users/Thomas/Desktop/HEI4/Semestre1/Domaine/Reseau/hei-2018-2019-lab-sens-it-roland-gosselin-baron/sensit-sdk-v2.0.0/sdk/lib\libSENSIT_SDK_V2.0.0.a(radio.o)
                0x08001d2c                RADIO_power_off
 .text.RADIO_get_state
                0x08001d58        0xc C:/Users/Thomas/Desktop/HEI4/Semestre1/Domaine/Reseau/hei-2018-2019-lab-sens-it-roland-gosselin-baron/sensit-sdk-v2.0.0/sdk/lib\libSENSIT_SDK_V2.0.0.a(radio.o)
                0x08001d58                RADIO_get_state
 .text.RADIO_set_rf_line
                0x08001d64       0x50 C:/Users/Thomas/Desktop/HEI4/Semestre1/Domaine/Reseau/hei-2018-2019-lab-sens-it-roland-gosselin-baron/sensit-sdk-v2.0.0/sdk/lib\libSENSIT_SDK_V2.0.0.a(radio.o)
                0x08001d64                RADIO_set_rf_line
 .text.RADIO_is_600bps
                0x08001db4       0x18 C:/Users/Thomas/Desktop/HEI4/Semestre1/Domaine/Reseau/hei-2018-2019-lab-sens-it-roland-gosselin-baron/sensit-sdk-v2.0.0/sdk/lib\libSENSIT_SDK_V2.0.0.a(radio.o)
                0x08001db4                RADIO_is_600bps
 .text.RTC_init
                0x08001dcc       0x2c C:/Users/Thomas/Desktop/HEI4/Semestre1/Domaine/Reseau/hei-2018-2019-lab-sens-it-roland-gosselin-baron/sensit-sdk-v2.0.0/sdk/lib\libSENSIT_SDK_V2.0.0.a(rtc.o)
                0x08001dcc                RTC_init
 .text.RTC_get_current_time
                0x08001df8        0xc C:/Users/Thomas/Desktop/HEI4/Semestre1/Domaine/Reseau/hei-2018-2019-lab-sens-it-roland-gosselin-baron/sensit-sdk-v2.0.0/sdk/lib\libSENSIT_SDK_V2.0.0.a(rtc.o)
                0x08001df8                RTC_get_current_time
 .text.RTC_set_alarm_timer
                0x08001e04       0x14 C:/Users/Thomas/Desktop/HEI4/Semestre1/Domaine/Reseau/hei-2018-2019-lab-sens-it-roland-gosselin-baron/sensit-sdk-v2.0.0/sdk/lib\libSENSIT_SDK_V2.0.0.a(rtc.o)
                0x08001e04                RTC_set_alarm_timer
 .text.RTC_set_rx_timer
                0x08001e18        0xc C:/Users/Thomas/Desktop/HEI4/Semestre1/Domaine/Reseau/hei-2018-2019-lab-sens-it-roland-gosselin-baron/sensit-sdk-v2.0.0/sdk/lib\libSENSIT_SDK_V2.0.0.a(rtc.o)
                0x08001e18                RTC_set_rx_timer
 .text.RTC_wait_frame
                0x08001e24       0x2c C:/Users/Thomas/Desktop/HEI4/Semestre1/Domaine/Reseau/hei-2018-2019-lab-sens-it-roland-gosselin-baron/sensit-sdk-v2.0.0/sdk/lib\libSENSIT_SDK_V2.0.0.a(rtc.o)
                0x08001e24                RTC_wait_frame
 .text.RTC_IRQHandler
                0x08001e50       0x68 C:/Users/Thomas/Desktop/HEI4/Semestre1/Domaine/Reseau/hei-2018-2019-lab-sens-it-roland-gosselin-baron/sensit-sdk-v2.0.0/sdk/lib\libSENSIT_SDK_V2.0.0.a(rtc.o)
                0x08001e50                RTC_IRQHandler
 .text._init    0x08001eb8       0x1c C:/Users/Thomas/Desktop/HEI4/Semestre1/Domaine/Reseau/hei-2018-2019-lab-sens-it-roland-gosselin-baron/sensit-sdk-v2.0.0/sdk/lib\libSENSIT_SDK_V2.0.0.a(sensit_api.o)
                0x08001eb8                _init
 .text.SENSIT_API_configure_radio
                0x08001ed4       0x2a C:/Users/Thomas/Desktop/HEI4/Semestre1/Domaine/Reseau/hei-2018-2019-lab-sens-it-roland-gosselin-baron/sensit-sdk-v2.0.0/sdk/lib\libSENSIT_SDK_V2.0.0.a(sensit_api.o)
                0x08001ed4                SENSIT_API_configure_radio
 .text.SENSIT_API_switch_radio
                0x08001efe       0x38 C:/Users/Thomas/Desktop/HEI4/Semestre1/Domaine/Reseau/hei-2018-2019-lab-sens-it-roland-gosselin-baron/sensit-sdk-v2.0.0/sdk/lib\libSENSIT_SDK_V2.0.0.a(sensit_api.o)
                0x08001efe                SENSIT_API_switch_radio
 *fill*         0x08001f36        0x2 
 .text.SENSIT_API_reset
                0x08001f38       0x60 C:/Users/Thomas/Desktop/HEI4/Semestre1/Domaine/Reseau/hei-2018-2019-lab-sens-it-roland-gosselin-baron/sensit-sdk-v2.0.0/sdk/lib\libSENSIT_SDK_V2.0.0.a(sensit_api.o)
                0x08001f38                SENSIT_API_reset
 .text.SENSIT_API_sleep
                0x08001f98        0xa C:/Users/Thomas/Desktop/HEI4/Semestre1/Domaine/Reseau/hei-2018-2019-lab-sens-it-roland-gosselin-baron/sensit-sdk-v2.0.0/sdk/lib\libSENSIT_SDK_V2.0.0.a(sensit_api.o)
                0x08001f98                SENSIT_API_sleep
 .text.SENSIT_API_set_rtc_alarm
                0x08001fa2        0xa C:/Users/Thomas/Desktop/HEI4/Semestre1/Domaine/Reseau/hei-2018-2019-lab-sens-it-roland-gosselin-baron/sensit-sdk-v2.0.0/sdk/lib\libSENSIT_SDK_V2.0.0.a(sensit_api.o)
                0x08001fa2                SENSIT_API_set_rtc_alarm
 .text.SENSIT_API_configure_button
                0x08001fac       0x50 C:/Users/Thomas/Desktop/HEI4/Semestre1/Domaine/Reseau/hei-2018-2019-lab-sens-it-roland-gosselin-baron/sensit-sdk-v2.0.0/sdk/lib\libSENSIT_SDK_V2.0.0.a(sensit_api.o)
                0x08001fac                SENSIT_API_configure_button
 .text.SENSIT_API_get_button_state
                0x08001ffc       0x14 C:/Users/Thomas/Desktop/HEI4/Semestre1/Domaine/Reseau/hei-2018-2019-lab-sens-it-roland-gosselin-baron/sensit-sdk-v2.0.0/sdk/lib\libSENSIT_SDK_V2.0.0.a(sensit_api.o)
                0x08001ffc                SENSIT_API_get_button_state
 .text.SENSIT_API_set_rgb_led
                0x08002010       0x30 C:/Users/Thomas/Desktop/HEI4/Semestre1/Domaine/Reseau/hei-2018-2019-lab-sens-it-roland-gosselin-baron/sensit-sdk-v2.0.0/sdk/lib\libSENSIT_SDK_V2.0.0.a(sensit_api.o)
                0x08002010                SENSIT_API_set_rgb_led
 .text.SENSIT_API_set_white_led
                0x08002040       0x18 C:/Users/Thomas/Desktop/HEI4/Semestre1/Domaine/Reseau/hei-2018-2019-lab-sens-it-roland-gosselin-baron/sensit-sdk-v2.0.0/sdk/lib\libSENSIT_SDK_V2.0.0.a(sensit_api.o)
                0x08002040                SENSIT_API_set_white_led
 .text.SENSIT_API_get_battery_level
                0x08002058        0xe C:/Users/Thomas/Desktop/HEI4/Semestre1/Domaine/Reseau/hei-2018-2019-lab-sens-it-roland-gosselin-baron/sensit-sdk-v2.0.0/sdk/lib\libSENSIT_SDK_V2.0.0.a(sensit_api.o)
                0x08002058                SENSIT_API_get_battery_level
 .text.SENSIT_API_get_current_time
                0x08002066        0xe C:/Users/Thomas/Desktop/HEI4/Semestre1/Domaine/Reseau/hei-2018-2019-lab-sens-it-roland-gosselin-baron/sensit-sdk-v2.0.0/sdk/lib\libSENSIT_SDK_V2.0.0.a(sensit_api.o)
                0x08002066                SENSIT_API_get_current_time
 .text.SENSIT_API_wait
                0x08002074        0xa C:/Users/Thomas/Desktop/HEI4/Semestre1/Domaine/Reseau/hei-2018-2019-lab-sens-it-roland-gosselin-baron/sensit-sdk-v2.0.0/sdk/lib\libSENSIT_SDK_V2.0.0.a(sensit_api.o)
                0x08002074                SENSIT_API_wait
 .text.SENSIT_API_write_read_i2c_bus
                0x0800207e       0x20 C:/Users/Thomas/Desktop/HEI4/Semestre1/Domaine/Reseau/hei-2018-2019-lab-sens-it-roland-gosselin-baron/sensit-sdk-v2.0.0/sdk/lib\libSENSIT_SDK_V2.0.0.a(sensit_api.o)
                0x0800207e                SENSIT_API_write_read_i2c_bus
 *fill*         0x0800209e        0x2 
 .text.SENSIT_API_configure_fxos8700_interrupt
                0x080020a0       0x30 C:/Users/Thomas/Desktop/HEI4/Semestre1/Domaine/Reseau/hei-2018-2019-lab-sens-it-roland-gosselin-baron/sensit-sdk-v2.0.0/sdk/lib\libSENSIT_SDK_V2.0.0.a(sensit_api.o)
                0x080020a0                SENSIT_API_configure_fxos8700_interrupt
 .text.SENSIT_API_reset_device_sequence_number
                0x080020d0       0x20 C:/Users/Thomas/Desktop/HEI4/Semestre1/Domaine/Reseau/hei-2018-2019-lab-sens-it-roland-gosselin-baron/sensit-sdk-v2.0.0/sdk/lib\libSENSIT_SDK_V2.0.0.a(sensit_api.o)
                0x080020d0                SENSIT_API_reset_device_sequence_number
 .text.SIGFOX_API_open
                0x080020f0      0x1b4 C:/Users/Thomas/Desktop/HEI4/Semestre1/Domaine/Reseau/hei-2018-2019-lab-sens-it-roland-gosselin-baron/sensit-sdk-v2.0.0/sdk/lib\libSENSIT_SDK_V2.0.0.a(sigfox_api.o)
                0x080020f0                SIGFOX_API_open
 .text.SIGFOX_API_send_frame
                0x080022a4       0x48 C:/Users/Thomas/Desktop/HEI4/Semestre1/Domaine/Reseau/hei-2018-2019-lab-sens-it-roland-gosselin-baron/sensit-sdk-v2.0.0/sdk/lib\libSENSIT_SDK_V2.0.0.a(sigfox_api.o)
                0x080022a4                SIGFOX_API_send_frame
 .text.SIGFOX_API_set_std_config
                0x080022ec       0x90 C:/Users/Thomas/Desktop/HEI4/Semestre1/Domaine/Reseau/hei-2018-2019-lab-sens-it-roland-gosselin-baron/sensit-sdk-v2.0.0/sdk/lib\libSENSIT_SDK_V2.0.0.a(sigfox_api.o)
                0x080022ec                SIGFOX_API_set_std_config
 .text.SIGFOX_INT_randomize
                0x0800237c       0x16 C:/Users/Thomas/Desktop/HEI4/Semestre1/Domaine/Reseau/hei-2018-2019-lab-sens-it-roland-gosselin-baron/sensit-sdk-v2.0.0/sdk/lib\libSENSIT_SDK_V2.0.0.a(sigfox_internal.o)
                0x0800237c                SIGFOX_INT_randomize
 .text.SIGFOX_INT_get_max_micro_channel
                0x08002392       0x30 C:/Users/Thomas/Desktop/HEI4/Semestre1/Domaine/Reseau/hei-2018-2019-lab-sens-it-roland-gosselin-baron/sensit-sdk-v2.0.0/sdk/lib\libSENSIT_SDK_V2.0.0.a(sigfox_internal.o)
                0x08002392                SIGFOX_INT_get_max_micro_channel
 .text.SIGFOX_INT_get_macro_channel_index
                0x080023c2       0x5a C:/Users/Thomas/Desktop/HEI4/Semestre1/Domaine/Reseau/hei-2018-2019-lab-sens-it-roland-gosselin-baron/sensit-sdk-v2.0.0/sdk/lib\libSENSIT_SDK_V2.0.0.a(sigfox_internal.o)
                0x080023c2                SIGFOX_INT_get_macro_channel_index
 .text.SIGFOX_INT_dc_lbt_channel_pn_max
                0x0800241c       0x30 C:/Users/Thomas/Desktop/HEI4/Semestre1/Domaine/Reseau/hei-2018-2019-lab-sens-it-roland-gosselin-baron/sensit-sdk-v2.0.0/sdk/lib\libSENSIT_SDK_V2.0.0.a(sigfox_internal.o)
                0x0800241c                SIGFOX_INT_dc_lbt_channel_pn_max
 .text.SIGFOX_INT_dc_lbt_channel_pn_min
                0x0800244c       0x22 C:/Users/Thomas/Desktop/HEI4/Semestre1/Domaine/Reseau/hei-2018-2019-lab-sens-it-roland-gosselin-baron/sensit-sdk-v2.0.0/sdk/lib\libSENSIT_SDK_V2.0.0.a(sigfox_internal.o)
                0x0800244c                SIGFOX_INT_dc_lbt_channel_pn_min
 .text.RETURN_CODE
                0x0800246e        0x8 C:/Users/Thomas/Desktop/HEI4/Semestre1/Domaine/Reseau/hei-2018-2019-lab-sens-it-roland-gosselin-baron/sensit-sdk-v2.0.0/sdk/lib\libSENSIT_SDK_V2.0.0.a(sigfox_internal.o)
                0x0800246e                RETURN_CODE
 *fill*         0x08002476        0x2 
 .text.SIGFOX_INT_compute_channels
                0x08002478      0x134 C:/Users/Thomas/Desktop/HEI4/Semestre1/Domaine/Reseau/hei-2018-2019-lab-sens-it-roland-gosselin-baron/sensit-sdk-v2.0.0/sdk/lib\libSENSIT_SDK_V2.0.0.a(sigfox_internal.o)
                0x08002478                SIGFOX_INT_compute_channels
 .text.SIGFOX_INT_compute_carrier_sense_frequency
                0x080025ac       0x2e C:/Users/Thomas/Desktop/HEI4/Semestre1/Domaine/Reseau/hei-2018-2019-lab-sens-it-roland-gosselin-baron/sensit-sdk-v2.0.0/sdk/lib\libSENSIT_SDK_V2.0.0.a(sigfox_internal.o)
                0x080025ac                SIGFOX_INT_compute_carrier_sense_frequency
 .text.SIGFOX_INT_store_nvm
                0x080025da       0x32 C:/Users/Thomas/Desktop/HEI4/Semestre1/Domaine/Reseau/hei-2018-2019-lab-sens-it-roland-gosselin-baron/sensit-sdk-v2.0.0/sdk/lib\libSENSIT_SDK_V2.0.0.a(sigfox_internal.o)
                0x080025da                SIGFOX_INT_store_nvm
 .text.SIGFOX_INT_build_frame
                0x0800260c      0x1da C:/Users/Thomas/Desktop/HEI4/Semestre1/Domaine/Reseau/hei-2018-2019-lab-sens-it-roland-gosselin-baron/sensit-sdk-v2.0.0/sdk/lib\libSENSIT_SDK_V2.0.0.a(sigfox_internal.o)
                0x0800260c                SIGFOX_INT_build_frame
 *fill*         0x080027e6        0x2 
 .text.SIGFOX_INT_prepare_transmission
                0x080027e8       0x88 C:/Users/Thomas/Desktop/HEI4/Semestre1/Domaine/Reseau/hei-2018-2019-lab-sens-it-roland-gosselin-baron/sensit-sdk-v2.0.0/sdk/lib\libSENSIT_SDK_V2.0.0.a(sigfox_internal.o)
                0x080027e8                SIGFOX_INT_prepare_transmission
 .text.SIGFOX_INT_send_single_frame
                0x08002870       0x98 C:/Users/Thomas/Desktop/HEI4/Semestre1/Domaine/Reseau/hei-2018-2019-lab-sens-it-roland-gosselin-baron/sensit-sdk-v2.0.0/sdk/lib\libSENSIT_SDK_V2.0.0.a(sigfox_internal.o)
                0x08002870                SIGFOX_INT_send_single_frame
 .text.SIGFOX_INT_execute_carrier_sense
                0x08002908       0x3a C:/Users/Thomas/Desktop/HEI4/Semestre1/Domaine/Reseau/hei-2018-2019-lab-sens-it-roland-gosselin-baron/sensit-sdk-v2.0.0/sdk/lib\libSENSIT_SDK_V2.0.0.a(sigfox_internal.o)
                0x08002908                SIGFOX_INT_execute_carrier_sense
 .text.SIGFOX_INT_downlink_configuration
                0x08002942       0x4c C:/Users/Thomas/Desktop/HEI4/Semestre1/Domaine/Reseau/hei-2018-2019-lab-sens-it-roland-gosselin-baron/sensit-sdk-v2.0.0/sdk/lib\libSENSIT_SDK_V2.0.0.a(sigfox_internal.o)
                0x08002942                SIGFOX_INT_downlink_configuration
 .text.SIGFOX_INT_get_received_frames
                0x0800298e      0x10a C:/Users/Thomas/Desktop/HEI4/Semestre1/Domaine/Reseau/hei-2018-2019-lab-sens-it-roland-gosselin-baron/sensit-sdk-v2.0.0/sdk/lib\libSENSIT_SDK_V2.0.0.a(sigfox_internal.o)
                0x0800298e                SIGFOX_INT_get_received_frames
 .text.SIGFOX_INT_process_downlink
                0x08002a98       0x46 C:/Users/Thomas/Desktop/HEI4/Semestre1/Domaine/Reseau/hei-2018-2019-lab-sens-it-roland-gosselin-baron/sensit-sdk-v2.0.0/sdk/lib\libSENSIT_SDK_V2.0.0.a(sigfox_internal.o)
                0x08002a98                SIGFOX_INT_process_downlink
 *fill*         0x08002ade        0x2 
 .text.SIGFOX_INT_compute_uplink_frequency
                0x08002ae0       0x94 C:/Users/Thomas/Desktop/HEI4/Semestre1/Domaine/Reseau/hei-2018-2019-lab-sens-it-roland-gosselin-baron/sensit-sdk-v2.0.0/sdk/lib\libSENSIT_SDK_V2.0.0.a(sigfox_internal.o)
                0x08002ae0                SIGFOX_INT_compute_uplink_frequency
 .text.SIGFOX_INT_process_uplink
                0x08002b74      0x28c C:/Users/Thomas/Desktop/HEI4/Semestre1/Domaine/Reseau/hei-2018-2019-lab-sens-it-roland-gosselin-baron/sensit-sdk-v2.0.0/sdk/lib\libSENSIT_SDK_V2.0.0.a(sigfox_internal.o)
                0x08002b74                SIGFOX_INT_process_uplink
 .text.SIGFOX_INT_execute_communication_sequence
                0x08002e00      0x118 C:/Users/Thomas/Desktop/HEI4/Semestre1/Domaine/Reseau/hei-2018-2019-lab-sens-it-roland-gosselin-baron/sensit-sdk-v2.0.0/sdk/lib\libSENSIT_SDK_V2.0.0.a(sigfox_internal.o)
                0x08002e00                SIGFOX_INT_execute_communication_sequence
 .text.SIGFOX_INT_get_device_id
                0x08002f18       0x18 C:/Users/Thomas/Desktop/HEI4/Semestre1/Domaine/Reseau/hei-2018-2019-lab-sens-it-roland-gosselin-baron/sensit-sdk-v2.0.0/sdk/lib\libSENSIT_SDK_V2.0.0.a(sigfox_internal.o)
                0x08002f18                SIGFOX_INT_get_device_id
 .text.SIGFOX_PN_next_pn
                0x08002f30       0x50 C:/Users/Thomas/Desktop/HEI4/Semestre1/Domaine/Reseau/hei-2018-2019-lab-sens-it-roland-gosselin-baron/sensit-sdk-v2.0.0/sdk/lib\libSENSIT_SDK_V2.0.0.a(sigfox_pn.o)
                0x08002f30                SIGFOX_PN_next_pn
 .text.SIGFOX_SCRAMB_compute
                0x08002f80       0x8c C:/Users/Thomas/Desktop/HEI4/Semestre1/Domaine/Reseau/hei-2018-2019-lab-sens-it-roland-gosselin-baron/sensit-sdk-v2.0.0/sdk/lib\libSENSIT_SDK_V2.0.0.a(sigfox_scramb.o)
                0x08002f80                SIGFOX_SCRAMB_compute
 .text.SLEEP_handler
                0x0800300c       0x88 C:/Users/Thomas/Desktop/HEI4/Semestre1/Domaine/Reseau/hei-2018-2019-lab-sens-it-roland-gosselin-baron/sensit-sdk-v2.0.0/sdk/lib\libSENSIT_SDK_V2.0.0.a(sleep.o)
                0x0800300c                SLEEP_handler
 .text.SPI_init
                0x08003094       0x30 C:/Users/Thomas/Desktop/HEI4/Semestre1/Domaine/Reseau/hei-2018-2019-lab-sens-it-roland-gosselin-baron/sensit-sdk-v2.0.0/sdk/lib\libSENSIT_SDK_V2.0.0.a(spi.o)
                0x08003094                SPI_init
 .text.SPI_disable
                0x080030c4       0x34 C:/Users/Thomas/Desktop/HEI4/Semestre1/Domaine/Reseau/hei-2018-2019-lab-sens-it-roland-gosselin-baron/sensit-sdk-v2.0.0/sdk/lib\libSENSIT_SDK_V2.0.0.a(spi.o)
                0x080030c4                SPI_disable
 .text.SPI_enable
                0x080030f8       0x30 C:/Users/Thomas/Desktop/HEI4/Semestre1/Domaine/Reseau/hei-2018-2019-lab-sens-it-roland-gosselin-baron/sensit-sdk-v2.0.0/sdk/lib\libSENSIT_SDK_V2.0.0.a(spi.o)
                0x080030f8                SPI_enable
 .text.SPI_write_read
                0x08003128       0x2c C:/Users/Thomas/Desktop/HEI4/Semestre1/Domaine/Reseau/hei-2018-2019-lab-sens-it-roland-gosselin-baron/sensit-sdk-v2.0.0/sdk/lib\libSENSIT_SDK_V2.0.0.a(spi.o)
                0x08003128                SPI_write_read
 .text.Reset_Handler
                0x08003154       0x80 C:/Users/Thomas/Desktop/HEI4/Semestre1/Domaine/Reseau/hei-2018-2019-lab-sens-it-roland-gosselin-baron/sensit-sdk-v2.0.0/sdk/lib\libSENSIT_SDK_V2.0.0.a(startup_stm32f042x6.o)
                0x08003154                Reset_Handler
 .text.Default_Handler
                0x080031d4        0x2 C:/Users/Thomas/Desktop/HEI4/Semestre1/Domaine/Reseau/hei-2018-2019-lab-sens-it-roland-gosselin-baron/sensit-sdk-v2.0.0/sdk/lib\libSENSIT_SDK_V2.0.0.a(startup_stm32f042x6.o)
                0x080031d4                TIM1_CC_IRQHandler
                0x080031d4                TSC_IRQHandler
                0x080031d4                SysTick_Handler
                0x080031d4                PendSV_Handler
                0x080031d4                I2C1_IRQHandler
                0x080031d4                RCC_CRS_IRQHandler
                0x080031d4                SPI1_IRQHandler
                0x080031d4                EXTI2_3_IRQHandler
                0x080031d4                ADC1_IRQHandler
                0x080031d4                TIM17_IRQHandler
                0x080031d4                CEC_CAN_IRQHandler
                0x080031d4                PVD_VDDIO2_IRQHandler
                0x080031d4                TIM3_IRQHandler
                0x080031d4                DMA1_Channel1_IRQHandler
                0x080031d4                Default_Handler
                0x080031d4                TIM14_IRQHandler
                0x080031d4                DMA1_Channel4_5_IRQHandler
                0x080031d4                EXTI0_1_IRQHandler
                0x080031d4                SPI2_IRQHandler
                0x080031d4                SVC_Handler
                0x080031d4                DMA1_Channel2_3_IRQHandler
                0x080031d4                USART2_IRQHandler
                0x080031d4                FLASH_IRQHandler
                0x080031d4                TIM1_BRK_UP_TRG_COM_IRQHandler
 *fill*         0x080031d6        0x2 
 .text.SystemInit
                0x080031d8      0x178 C:/Users/Thomas/Desktop/HEI4/Semestre1/Domaine/Reseau/hei-2018-2019-lab-sens-it-roland-gosselin-baron/sensit-sdk-v2.0.0/sdk/lib\libSENSIT_SDK_V2.0.0.a(system_stm32f0xx.o)
                0x080031d8                SystemInit
 .text.SYSTICK_wait_ms
                0x08003350       0x84 C:/Users/Thomas/Desktop/HEI4/Semestre1/Domaine/Reseau/hei-2018-2019-lab-sens-it-roland-gosselin-baron/sensit-sdk-v2.0.0/sdk/lib\libSENSIT_SDK_V2.0.0.a(systick.o)
                0x08003350                SYSTICK_wait_ms
 .text.SYSTICK_wait_tick
                0x080033d4       0x38 C:/Users/Thomas/Desktop/HEI4/Semestre1/Domaine/Reseau/hei-2018-2019-lab-sens-it-roland-gosselin-baron/sensit-sdk-v2.0.0/sdk/lib\libSENSIT_SDK_V2.0.0.a(systick.o)
                0x080033d4                SYSTICK_wait_tick
 .text.USART1_IRQHandler
                0x0800340c       0x68 C:/Users/Thomas/Desktop/HEI4/Semestre1/Domaine/Reseau/hei-2018-2019-lab-sens-it-roland-gosselin-baron/sensit-sdk-v2.0.0/sdk/lib\libSENSIT_SDK_V2.0.0.a(uart.o)
                0x0800340c                USART1_IRQHandler
 .text.HAL_PCD_SetupStageCallback
                0x08003474       0x14 C:/Users/Thomas/Desktop/HEI4/Semestre1/Domaine/Reseau/hei-2018-2019-lab-sens-it-roland-gosselin-baron/sensit-sdk-v2.0.0/sdk/lib\libSENSIT_SDK_V2.0.0.a(usbd_conf.o)
                0x08003474                HAL_PCD_SetupStageCallback
 .text.HAL_PCD_DataOutStageCallback
                0x08003488       0x18 C:/Users/Thomas/Desktop/HEI4/Semestre1/Domaine/Reseau/hei-2018-2019-lab-sens-it-roland-gosselin-baron/sensit-sdk-v2.0.0/sdk/lib\libSENSIT_SDK_V2.0.0.a(usbd_conf.o)
                0x08003488                HAL_PCD_DataOutStageCallback
 .text.HAL_PCD_DataInStageCallback
                0x080034a0       0x16 C:/Users/Thomas/Desktop/HEI4/Semestre1/Domaine/Reseau/hei-2018-2019-lab-sens-it-roland-gosselin-baron/sensit-sdk-v2.0.0/sdk/lib\libSENSIT_SDK_V2.0.0.a(usbd_conf.o)
                0x080034a0                HAL_PCD_DataInStageCallback
 .text.HAL_PCD_SOFCallback
                0x080034b6        0xe C:/Users/Thomas/Desktop/HEI4/Semestre1/Domaine/Reseau/hei-2018-2019-lab-sens-it-roland-gosselin-baron/sensit-sdk-v2.0.0/sdk/lib\libSENSIT_SDK_V2.0.0.a(usbd_conf.o)
                0x080034b6                HAL_PCD_SOFCallback
 .text.HAL_PCD_ResetCallback
                0x080034c4       0x18 C:/Users/Thomas/Desktop/HEI4/Semestre1/Domaine/Reseau/hei-2018-2019-lab-sens-it-roland-gosselin-baron/sensit-sdk-v2.0.0/sdk/lib\libSENSIT_SDK_V2.0.0.a(usbd_conf.o)
                0x080034c4                HAL_PCD_ResetCallback
 .text.HAL_PCD_SuspendCallback
                0x080034dc        0xe C:/Users/Thomas/Desktop/HEI4/Semestre1/Domaine/Reseau/hei-2018-2019-lab-sens-it-roland-gosselin-baron/sensit-sdk-v2.0.0/sdk/lib\libSENSIT_SDK_V2.0.0.a(usbd_conf.o)
                0x080034dc                HAL_PCD_SuspendCallback
 .text.HAL_PCD_ResumeCallback
                0x080034ea        0xe C:/Users/Thomas/Desktop/HEI4/Semestre1/Domaine/Reseau/hei-2018-2019-lab-sens-it-roland-gosselin-baron/sensit-sdk-v2.0.0/sdk/lib\libSENSIT_SDK_V2.0.0.a(usbd_conf.o)
                0x080034ea                HAL_PCD_ResumeCallback
 .text.USBD_LL_OpenEP
                0x080034f8       0x16 C:/Users/Thomas/Desktop/HEI4/Semestre1/Domaine/Reseau/hei-2018-2019-lab-sens-it-roland-gosselin-baron/sensit-sdk-v2.0.0/sdk/lib\libSENSIT_SDK_V2.0.0.a(usbd_conf.o)
                0x080034f8                USBD_LL_OpenEP
 .text.USBD_LL_StallEP
                0x0800350e       0x10 C:/Users/Thomas/Desktop/HEI4/Semestre1/Domaine/Reseau/hei-2018-2019-lab-sens-it-roland-gosselin-baron/sensit-sdk-v2.0.0/sdk/lib\libSENSIT_SDK_V2.0.0.a(usbd_conf.o)
                0x0800350e                USBD_LL_StallEP
 .text.USBD_LL_ClearStallEP
                0x0800351e       0x10 C:/Users/Thomas/Desktop/HEI4/Semestre1/Domaine/Reseau/hei-2018-2019-lab-sens-it-roland-gosselin-baron/sensit-sdk-v2.0.0/sdk/lib\libSENSIT_SDK_V2.0.0.a(usbd_conf.o)
                0x0800351e                USBD_LL_ClearStallEP
 .text.USBD_LL_IsStallEP
                0x0800352e       0x26 C:/Users/Thomas/Desktop/HEI4/Semestre1/Domaine/Reseau/hei-2018-2019-lab-sens-it-roland-gosselin-baron/sensit-sdk-v2.0.0/sdk/lib\libSENSIT_SDK_V2.0.0.a(usbd_conf.o)
                0x0800352e                USBD_LL_IsStallEP
 .text.USBD_LL_SetUSBAddress
                0x08003554       0x10 C:/Users/Thomas/Desktop/HEI4/Semestre1/Domaine/Reseau/hei-2018-2019-lab-sens-it-roland-gosselin-baron/sensit-sdk-v2.0.0/sdk/lib\libSENSIT_SDK_V2.0.0.a(usbd_conf.o)
                0x08003554                USBD_LL_SetUSBAddress
 .text.USBD_LL_Transmit
                0x08003564       0x10 C:/Users/Thomas/Desktop/HEI4/Semestre1/Domaine/Reseau/hei-2018-2019-lab-sens-it-roland-gosselin-baron/sensit-sdk-v2.0.0/sdk/lib\libSENSIT_SDK_V2.0.0.a(usbd_conf.o)
                0x08003564                USBD_LL_Transmit
 .text.USBD_LL_PrepareReceive
                0x08003574       0x10 C:/Users/Thomas/Desktop/HEI4/Semestre1/Domaine/Reseau/hei-2018-2019-lab-sens-it-roland-gosselin-baron/sensit-sdk-v2.0.0/sdk/lib\libSENSIT_SDK_V2.0.0.a(usbd_conf.o)
                0x08003574                USBD_LL_PrepareReceive
 .text.USB_IRQHandler
                0x08003584       0x10 C:/Users/Thomas/Desktop/HEI4/Semestre1/Domaine/Reseau/hei-2018-2019-lab-sens-it-roland-gosselin-baron/sensit-sdk-v2.0.0/sdk/lib\libSENSIT_SDK_V2.0.0.a(usbd_conf.o)
                0x08003584                USB_IRQHandler
 .text.USBD_SetClassConfig
                0x08003594       0x1a C:/Users/Thomas/Desktop/HEI4/Semestre1/Domaine/Reseau/hei-2018-2019-lab-sens-it-roland-gosselin-baron/sensit-sdk-v2.0.0/sdk/lib\libSENSIT_SDK_V2.0.0.a(usbd_core.o)
                0x08003594                USBD_SetClassConfig
 .text.USBD_ClrClassConfig
                0x080035ae       0x10 C:/Users/Thomas/Desktop/HEI4/Semestre1/Domaine/Reseau/hei-2018-2019-lab-sens-it-roland-gosselin-baron/sensit-sdk-v2.0.0/sdk/lib\libSENSIT_SDK_V2.0.0.a(usbd_core.o)
                0x080035ae                USBD_ClrClassConfig
 *fill*         0x080035be        0x2 
 .text.USBD_LL_SetupStage
                0x080035c0       0x68 C:/Users/Thomas/Desktop/HEI4/Semestre1/Domaine/Reseau/hei-2018-2019-lab-sens-it-roland-gosselin-baron/sensit-sdk-v2.0.0/sdk/lib\libSENSIT_SDK_V2.0.0.a(usbd_core.o)
                0x080035c0                USBD_LL_SetupStage
 .text.USBD_LL_DataOutStage
                0x08003628       0x74 C:/Users/Thomas/Desktop/HEI4/Semestre1/Domaine/Reseau/hei-2018-2019-lab-sens-it-roland-gosselin-baron/sensit-sdk-v2.0.0/sdk/lib\libSENSIT_SDK_V2.0.0.a(usbd_core.o)
                0x08003628                USBD_LL_DataOutStage
 .text.USBD_LL_DataInStage
                0x0800369c       0xac C:/Users/Thomas/Desktop/HEI4/Semestre1/Domaine/Reseau/hei-2018-2019-lab-sens-it-roland-gosselin-baron/sensit-sdk-v2.0.0/sdk/lib\libSENSIT_SDK_V2.0.0.a(usbd_core.o)
                0x0800369c                USBD_LL_DataInStage
 .text.USBD_LL_Reset
                0x08003748       0x48 C:/Users/Thomas/Desktop/HEI4/Semestre1/Domaine/Reseau/hei-2018-2019-lab-sens-it-roland-gosselin-baron/sensit-sdk-v2.0.0/sdk/lib\libSENSIT_SDK_V2.0.0.a(usbd_core.o)
                0x08003748                USBD_LL_Reset
 .text.USBD_LL_SetSpeed
                0x08003790        0x6 C:/Users/Thomas/Desktop/HEI4/Semestre1/Domaine/Reseau/hei-2018-2019-lab-sens-it-roland-gosselin-baron/sensit-sdk-v2.0.0/sdk/lib\libSENSIT_SDK_V2.0.0.a(usbd_core.o)
                0x08003790                USBD_LL_SetSpeed
 .text.USBD_LL_Suspend
                0x08003796       0x16 C:/Users/Thomas/Desktop/HEI4/Semestre1/Domaine/Reseau/hei-2018-2019-lab-sens-it-roland-gosselin-baron/sensit-sdk-v2.0.0/sdk/lib\libSENSIT_SDK_V2.0.0.a(usbd_core.o)
                0x08003796                USBD_LL_Suspend
 .text.USBD_LL_Resume
                0x080037ac        0xe C:/Users/Thomas/Desktop/HEI4/Semestre1/Domaine/Reseau/hei-2018-2019-lab-sens-it-roland-gosselin-baron/sensit-sdk-v2.0.0/sdk/lib\libSENSIT_SDK_V2.0.0.a(usbd_core.o)
                0x080037ac                USBD_LL_Resume
 .text.USBD_LL_SOF
                0x080037ba       0x1e C:/Users/Thomas/Desktop/HEI4/Semestre1/Domaine/Reseau/hei-2018-2019-lab-sens-it-roland-gosselin-baron/sensit-sdk-v2.0.0/sdk/lib\libSENSIT_SDK_V2.0.0.a(usbd_core.o)
                0x080037ba                USBD_LL_SOF
 .text.USBD_CtlError.constprop.0
                0x080037d8       0x14 C:/Users/Thomas/Desktop/HEI4/Semestre1/Domaine/Reseau/hei-2018-2019-lab-sens-it-roland-gosselin-baron/sensit-sdk-v2.0.0/sdk/lib\libSENSIT_SDK_V2.0.0.a(usbd_ctlreq.o)
 .text.USBD_StdDevReq
                0x080037ec      0x224 C:/Users/Thomas/Desktop/HEI4/Semestre1/Domaine/Reseau/hei-2018-2019-lab-sens-it-roland-gosselin-baron/sensit-sdk-v2.0.0/sdk/lib\libSENSIT_SDK_V2.0.0.a(usbd_ctlreq.o)
                0x080037ec                USBD_StdDevReq
 .text.USBD_StdItfReq
                0x08003a10       0x38 C:/Users/Thomas/Desktop/HEI4/Semestre1/Domaine/Reseau/hei-2018-2019-lab-sens-it-roland-gosselin-baron/sensit-sdk-v2.0.0/sdk/lib\libSENSIT_SDK_V2.0.0.a(usbd_ctlreq.o)
                0x08003a10                USBD_StdItfReq
 .text.USBD_StdEPReq
                0x08003a48       0xd4 C:/Users/Thomas/Desktop/HEI4/Semestre1/Domaine/Reseau/hei-2018-2019-lab-sens-it-roland-gosselin-baron/sensit-sdk-v2.0.0/sdk/lib\libSENSIT_SDK_V2.0.0.a(usbd_ctlreq.o)
                0x08003a48                USBD_StdEPReq
 .text.USBD_ParseSetupRequest
                0x08003b1c       0x28 C:/Users/Thomas/Desktop/HEI4/Semestre1/Domaine/Reseau/hei-2018-2019-lab-sens-it-roland-gosselin-baron/sensit-sdk-v2.0.0/sdk/lib\libSENSIT_SDK_V2.0.0.a(usbd_ctlreq.o)
                0x08003b1c                USBD_ParseSetupRequest
 .text.USBD_CtlSendData
                0x08003b44       0x1c C:/Users/Thomas/Desktop/HEI4/Semestre1/Domaine/Reseau/hei-2018-2019-lab-sens-it-roland-gosselin-baron/sensit-sdk-v2.0.0/sdk/lib\libSENSIT_SDK_V2.0.0.a(usbd_ioreq.o)
                0x08003b44                USBD_CtlSendData
 .text.USBD_CtlContinueSendData
                0x08003b60       0x10 C:/Users/Thomas/Desktop/HEI4/Semestre1/Domaine/Reseau/hei-2018-2019-lab-sens-it-roland-gosselin-baron/sensit-sdk-v2.0.0/sdk/lib\libSENSIT_SDK_V2.0.0.a(usbd_ioreq.o)
                0x08003b60                USBD_CtlContinueSendData
 .text.USBD_CtlContinueRx
                0x08003b70       0x10 C:/Users/Thomas/Desktop/HEI4/Semestre1/Domaine/Reseau/hei-2018-2019-lab-sens-it-roland-gosselin-baron/sensit-sdk-v2.0.0/sdk/lib\libSENSIT_SDK_V2.0.0.a(usbd_ioreq.o)
                0x08003b70                USBD_CtlContinueRx
 .text.USBD_CtlSendStatus
                0x08003b80       0x18 C:/Users/Thomas/Desktop/HEI4/Semestre1/Domaine/Reseau/hei-2018-2019-lab-sens-it-roland-gosselin-baron/sensit-sdk-v2.0.0/sdk/lib\libSENSIT_SDK_V2.0.0.a(usbd_ioreq.o)
                0x08003b80                USBD_CtlSendStatus
 .text.USBD_CtlReceiveStatus
                0x08003b98       0x18 C:/Users/Thomas/Desktop/HEI4/Semestre1/Domaine/Reseau/hei-2018-2019-lab-sens-it-roland-gosselin-baron/sensit-sdk-v2.0.0/sdk/lib\libSENSIT_SDK_V2.0.0.a(usbd_ioreq.o)
                0x08003b98                USBD_CtlReceiveStatus
 .text.WATCHDOG_clear
                0x08003bb0       0x10 C:/Users/Thomas/Desktop/HEI4/Semestre1/Domaine/Reseau/hei-2018-2019-lab-sens-it-roland-gosselin-baron/sensit-sdk-v2.0.0/sdk/lib\libSENSIT_SDK_V2.0.0.a(watchdog.o)
                0x08003bb0                WATCHDOG_clear
 .text.ADC_init
                0x08003bc0       0x88 C:/Users/Thomas/Desktop/HEI4/Semestre1/Domaine/Reseau/hei-2018-2019-lab-sens-it-roland-gosselin-baron/sensit-sdk-v2.0.0/sdk/lib\libSENSIT_SDK_V2.0.0.a(adc.o)
                0x08003bc0                ADC_init
 .text.ADC_measure_battery
                0x08003c48       0x84 C:/Users/Thomas/Desktop/HEI4/Semestre1/Domaine/Reseau/hei-2018-2019-lab-sens-it-roland-gosselin-baron/sensit-sdk-v2.0.0/sdk/lib\libSENSIT_SDK_V2.0.0.a(adc.o)
                0x08003c48                ADC_measure_battery
 .text.ADC_get_last_battery_level
                0x08003ccc        0xc C:/Users/Thomas/Desktop/HEI4/Semestre1/Domaine/Reseau/hei-2018-2019-lab-sens-it-roland-gosselin-baron/sensit-sdk-v2.0.0/sdk/lib\libSENSIT_SDK_V2.0.0.a(adc.o)
                0x08003ccc                ADC_get_last_battery_level
 .text.ADC_get_battery_level
                0x08003cd8       0x10 C:/Users/Thomas/Desktop/HEI4/Semestre1/Domaine/Reseau/hei-2018-2019-lab-sens-it-roland-gosselin-baron/sensit-sdk-v2.0.0/sdk/lib\libSENSIT_SDK_V2.0.0.a(adc.o)
                0x08003cd8                ADC_get_battery_level
 .text.ADC_measure_temperature
                0x08003ce8       0x68 C:/Users/Thomas/Desktop/HEI4/Semestre1/Domaine/Reseau/hei-2018-2019-lab-sens-it-roland-gosselin-baron/sensit-sdk-v2.0.0/sdk/lib\libSENSIT_SDK_V2.0.0.a(adc.o)
                0x08003ce8                ADC_measure_temperature
 .text.AESEncode
                0x08003d50      0x1c0 C:/Users/Thomas/Desktop/HEI4/Semestre1/Domaine/Reseau/hei-2018-2019-lab-sens-it-roland-gosselin-baron/sensit-sdk-v2.0.0/sdk/lib\libSENSIT_SDK_V2.0.0.a(aes.o)
                0x08003d50                AESEncode
 .text.calibReadHSI48clk
                0x08003f10       0x84 C:/Users/Thomas/Desktop/HEI4/Semestre1/Domaine/Reseau/hei-2018-2019-lab-sens-it-roland-gosselin-baron/sensit-sdk-v2.0.0/sdk/lib\libSENSIT_SDK_V2.0.0.a(calib.o)
 .text.calibRTCclkIsCalibrated
                0x08003f94      0x1a0 C:/Users/Thomas/Desktop/HEI4/Semestre1/Domaine/Reseau/hei-2018-2019-lab-sens-it-roland-gosselin-baron/sensit-sdk-v2.0.0/sdk/lib\libSENSIT_SDK_V2.0.0.a(calib.o)
                0x08003f94                calibRTCclkIsCalibrated
 .text.calibHSI48clkIsCalibrated
                0x08004134       0x90 C:/Users/Thomas/Desktop/HEI4/Semestre1/Domaine/Reseau/hei-2018-2019-lab-sens-it-roland-gosselin-baron/sensit-sdk-v2.0.0/sdk/lib\libSENSIT_SDK_V2.0.0.a(calib.o)
                0x08004134                calibHSI48clkIsCalibrated
 .text.CC1125_send_strobe
                0x080041c4       0x2c C:/Users/Thomas/Desktop/HEI4/Semestre1/Domaine/Reseau/hei-2018-2019-lab-sens-it-roland-gosselin-baron/sensit-sdk-v2.0.0/sdk/lib\libSENSIT_SDK_V2.0.0.a(cc1125.o)
                0x080041c4                CC1125_send_strobe
 .text.CC1125_write_reg
                0x080041f0       0x54 C:/Users/Thomas/Desktop/HEI4/Semestre1/Domaine/Reseau/hei-2018-2019-lab-sens-it-roland-gosselin-baron/sensit-sdk-v2.0.0/sdk/lib\libSENSIT_SDK_V2.0.0.a(cc1125.o)
                0x080041f0                CC1125_write_reg
 .text.CC1125_read_reg
                0x08004244       0x54 C:/Users/Thomas/Desktop/HEI4/Semestre1/Domaine/Reseau/hei-2018-2019-lab-sens-it-roland-gosselin-baron/sensit-sdk-v2.0.0/sdk/lib\libSENSIT_SDK_V2.0.0.a(cc1125.o)
                0x08004244                CC1125_read_reg
 .text.CC1125_output_clock
                0x08004298       0x18 C:/Users/Thomas/Desktop/HEI4/Semestre1/Domaine/Reseau/hei-2018-2019-lab-sens-it-roland-gosselin-baron/sensit-sdk-v2.0.0/sdk/lib\libSENSIT_SDK_V2.0.0.a(cc1125.o)
                0x08004298                CC1125_output_clock
 .text.CRC_compute
                0x080042b0       0x4c C:/Users/Thomas/Desktop/HEI4/Semestre1/Domaine/Reseau/hei-2018-2019-lab-sens-it-roland-gosselin-baron/sensit-sdk-v2.0.0/sdk/lib\libSENSIT_SDK_V2.0.0.a(crc.o)
                0x080042b0                CRC_compute
 .text.FLASH_unlock
                0x080042fc       0x3c C:/Users/Thomas/Desktop/HEI4/Semestre1/Domaine/Reseau/hei-2018-2019-lab-sens-it-roland-gosselin-baron/sensit-sdk-v2.0.0/sdk/lib\libSENSIT_SDK_V2.0.0.a(flash.o)
                0x080042fc                FLASH_unlock
 .text.FLASH_lock
                0x08004338       0x14 C:/Users/Thomas/Desktop/HEI4/Semestre1/Domaine/Reseau/hei-2018-2019-lab-sens-it-roland-gosselin-baron/sensit-sdk-v2.0.0/sdk/lib\libSENSIT_SDK_V2.0.0.a(flash.o)
                0x08004338                FLASH_lock
 .text.FLASH_write
                0x0800434c       0x40 C:/Users/Thomas/Desktop/HEI4/Semestre1/Domaine/Reseau/hei-2018-2019-lab-sens-it-roland-gosselin-baron/sensit-sdk-v2.0.0/sdk/lib\libSENSIT_SDK_V2.0.0.a(flash.o)
                0x0800434c                FLASH_write
 .text.FLASH_erase_page
                0x0800438c       0x90 C:/Users/Thomas/Desktop/HEI4/Semestre1/Domaine/Reseau/hei-2018-2019-lab-sens-it-roland-gosselin-baron/sensit-sdk-v2.0.0/sdk/lib\libSENSIT_SDK_V2.0.0.a(flash.o)
                0x0800438c                FLASH_erase_page
 .text._handler
                0x0800441c       0x44 C:/Users/Thomas/Desktop/HEI4/Semestre1/Domaine/Reseau/hei-2018-2019-lab-sens-it-roland-gosselin-baron/sensit-sdk-v2.0.0/sdk/lib\libSENSIT_SDK_V2.0.0.a(gpio.o)
 .text.GPIO_init
                0x08004460       0xcc C:/Users/Thomas/Desktop/HEI4/Semestre1/Domaine/Reseau/hei-2018-2019-lab-sens-it-roland-gosselin-baron/sensit-sdk-v2.0.0/sdk/lib\libSENSIT_SDK_V2.0.0.a(gpio.o)
                0x08004460                GPIO_init
 .text.EXTI4_15_IRQHandler
                0x0800452c       0x88 C:/Users/Thomas/Desktop/HEI4/Semestre1/Domaine/Reseau/hei-2018-2019-lab-sens-it-roland-gosselin-baron/sensit-sdk-v2.0.0/sdk/lib\libSENSIT_SDK_V2.0.0.a(gpio.o)
                0x0800452c                EXTI4_15_IRQHandler
 .text.HardFault_Handler
                0x080045b4        0x8 C:/Users/Thomas/Desktop/HEI4/Semestre1/Domaine/Reseau/hei-2018-2019-lab-sens-it-roland-gosselin-baron/sensit-sdk-v2.0.0/sdk/lib\libSENSIT_SDK_V2.0.0.a(gpio.o)
                0x080045b4                HardFault_Handler
 .text.NMI_Handler
                0x080045bc        0x8 C:/Users/Thomas/Desktop/HEI4/Semestre1/Domaine/Reseau/hei-2018-2019-lab-sens-it-roland-gosselin-baron/sensit-sdk-v2.0.0/sdk/lib\libSENSIT_SDK_V2.0.0.a(gpio.o)
                0x080045bc                NMI_Handler
 .text.WWDG_IRQHandler
                0x080045c4        0x8 C:/Users/Thomas/Desktop/HEI4/Semestre1/Domaine/Reseau/hei-2018-2019-lab-sens-it-roland-gosselin-baron/sensit-sdk-v2.0.0/sdk/lib\libSENSIT_SDK_V2.0.0.a(gpio.o)
                0x080045c4                WWDG_IRQHandler
 .text.I2C_init
                0x080045cc       0x30 C:/Users/Thomas/Desktop/HEI4/Semestre1/Domaine/Reseau/hei-2018-2019-lab-sens-it-roland-gosselin-baron/sensit-sdk-v2.0.0/sdk/lib\libSENSIT_SDK_V2.0.0.a(i2c.o)
                0x080045cc                I2C_init
 .text.I2C_write_read
                0x080045fc      0x160 C:/Users/Thomas/Desktop/HEI4/Semestre1/Domaine/Reseau/hei-2018-2019-lab-sens-it-roland-gosselin-baron/sensit-sdk-v2.0.0/sdk/lib\libSENSIT_SDK_V2.0.0.a(i2c.o)
                0x080045fc                I2C_write_read
 .text.LED_set_toggle_color
                0x0800475c        0xc C:/Users/Thomas/Desktop/HEI4/Semestre1/Domaine/Reseau/hei-2018-2019-lab-sens-it-roland-gosselin-baron/sensit-sdk-v2.0.0/sdk/lib\libSENSIT_SDK_V2.0.0.a(led.o)
                0x0800475c                LED_set_toggle_color
 .text.LED_toggle
                0x08004768       0x5c C:/Users/Thomas/Desktop/HEI4/Semestre1/Domaine/Reseau/hei-2018-2019-lab-sens-it-roland-gosselin-baron/sensit-sdk-v2.0.0/sdk/lib\libSENSIT_SDK_V2.0.0.a(led.o)
                0x08004768                LED_toggle
 .text.my_memcpy
                0x080047c4       0x1c C:/Users/Thomas/Desktop/HEI4/Semestre1/Domaine/Reseau/hei-2018-2019-lab-sens-it-roland-gosselin-baron/sensit-sdk-v2.0.0/sdk/lib\libSENSIT_SDK_V2.0.0.a(my_string.o)
                0x080047c4                my_memcpy
 .text.my_memcmp
                0x080047e0       0x1c C:/Users/Thomas/Desktop/HEI4/Semestre1/Domaine/Reseau/hei-2018-2019-lab-sens-it-roland-gosselin-baron/sensit-sdk-v2.0.0/sdk/lib\libSENSIT_SDK_V2.0.0.a(my_string.o)
                0x080047e0                my_memcmp
 .text.RF_API_init
                0x080047fc       0x64 C:/Users/Thomas/Desktop/HEI4/Semestre1/Domaine/Reseau/hei-2018-2019-lab-sens-it-roland-gosselin-baron/sensit-sdk-v2.0.0/sdk/lib\libSENSIT_SDK_V2.0.0.a(rf_api.o)
                0x080047fc                RF_API_init
 .text.RF_API_stop
                0x08004860       0x28 C:/Users/Thomas/Desktop/HEI4/Semestre1/Domaine/Reseau/hei-2018-2019-lab-sens-it-roland-gosselin-baron/sensit-sdk-v2.0.0/sdk/lib\libSENSIT_SDK_V2.0.0.a(rf_api.o)
                0x08004860                RF_API_stop
 .text.RF_API_send
                0x08004888       0x3c C:/Users/Thomas/Desktop/HEI4/Semestre1/Domaine/Reseau/hei-2018-2019-lab-sens-it-roland-gosselin-baron/sensit-sdk-v2.0.0/sdk/lib\libSENSIT_SDK_V2.0.0.a(rf_api.o)
                0x08004888                RF_API_send
 .text.RF_API_change_frequency
                0x080048c4      0x180 C:/Users/Thomas/Desktop/HEI4/Semestre1/Domaine/Reseau/hei-2018-2019-lab-sens-it-roland-gosselin-baron/sensit-sdk-v2.0.0/sdk/lib\libSENSIT_SDK_V2.0.0.a(rf_api.o)
                0x080048c4                RF_API_change_frequency
 .text.RF_API_wait_frame
                0x08004a44       0xe0 C:/Users/Thomas/Desktop/HEI4/Semestre1/Domaine/Reseau/hei-2018-2019-lab-sens-it-roland-gosselin-baron/sensit-sdk-v2.0.0/sdk/lib\libSENSIT_SDK_V2.0.0.a(rf_api.o)
                0x08004a44                RF_API_wait_frame
 .text.RF_API_wait_for_clear_channel
                0x08004b24       0xb0 C:/Users/Thomas/Desktop/HEI4/Semestre1/Domaine/Reseau/hei-2018-2019-lab-sens-it-roland-gosselin-baron/sensit-sdk-v2.0.0/sdk/lib\libSENSIT_SDK_V2.0.0.a(rf_api.o)
                0x08004b24                RF_API_wait_for_clear_channel
 .text.SIGFOX_CRC_crc16
                0x08004bd4       0x3c C:/Users/Thomas/Desktop/HEI4/Semestre1/Domaine/Reseau/hei-2018-2019-lab-sens-it-roland-gosselin-baron/sensit-sdk-v2.0.0/sdk/lib\libSENSIT_SDK_V2.0.0.a(sigfox_crc.o)
                0x08004bd4                SIGFOX_CRC_crc16
 .text.SIGFOX_CRC_crc8
                0x08004c10       0x34 C:/Users/Thomas/Desktop/HEI4/Semestre1/Domaine/Reseau/hei-2018-2019-lab-sens-it-roland-gosselin-baron/sensit-sdk-v2.0.0/sdk/lib\libSENSIT_SDK_V2.0.0.a(sigfox_crc.o)
                0x08004c10                SIGFOX_CRC_crc8
 .text.SIGFOX_DECODE_dewhitening_pn
                0x08004c44       0x26 C:/Users/Thomas/Desktop/HEI4/Semestre1/Domaine/Reseau/hei-2018-2019-lab-sens-it-roland-gosselin-baron/sensit-sdk-v2.0.0/sdk/lib\libSENSIT_SDK_V2.0.0.a(sigfox_decode.o)
 *fill*         0x08004c6a        0x2 
 .text.SIGFOX_DECODE_decode_frame
                0x08004c6c      0x164 C:/Users/Thomas/Desktop/HEI4/Semestre1/Domaine/Reseau/hei-2018-2019-lab-sens-it-roland-gosselin-baron/sensit-sdk-v2.0.0/sdk/lib\libSENSIT_SDK_V2.0.0.a(sigfox_decode.o)
                0x08004c6c                SIGFOX_DECODE_decode_frame
 .text.SIGFOX_HMAC_compute_aes
                0x08004dd0       0x54 C:/Users/Thomas/Desktop/HEI4/Semestre1/Domaine/Reseau/hei-2018-2019-lab-sens-it-roland-gosselin-baron/sensit-sdk-v2.0.0/sdk/lib\libSENSIT_SDK_V2.0.0.a(sigfox_hmac.o)
                0x08004dd0                SIGFOX_HMAC_compute_aes
 .text.PCD_WritePMA
                0x08004e24       0x28 C:/Users/Thomas/Desktop/HEI4/Semestre1/Domaine/Reseau/hei-2018-2019-lab-sens-it-roland-gosselin-baron/sensit-sdk-v2.0.0/sdk/lib\libSENSIT_SDK_V2.0.0.a(stm32f0xx_hal_pcd.o)
 .text.PCD_ReadPMA
                0x08004e4c       0x20 C:/Users/Thomas/Desktop/HEI4/Semestre1/Domaine/Reseau/hei-2018-2019-lab-sens-it-roland-gosselin-baron/sensit-sdk-v2.0.0/sdk/lib\libSENSIT_SDK_V2.0.0.a(stm32f0xx_hal_pcd.o)
 .text.HAL_PCD_SetAddress
                0x08004e6c       0x2c C:/Users/Thomas/Desktop/HEI4/Semestre1/Domaine/Reseau/hei-2018-2019-lab-sens-it-roland-gosselin-baron/sensit-sdk-v2.0.0/sdk/lib\libSENSIT_SDK_V2.0.0.a(stm32f0xx_hal_pcd.o)
                0x08004e6c                HAL_PCD_SetAddress
 .text.HAL_PCD_EP_Open
                0x08004e98      0x2b0 C:/Users/Thomas/Desktop/HEI4/Semestre1/Domaine/Reseau/hei-2018-2019-lab-sens-it-roland-gosselin-baron/sensit-sdk-v2.0.0/sdk/lib\libSENSIT_SDK_V2.0.0.a(stm32f0xx_hal_pcd.o)
                0x08004e98                HAL_PCD_EP_Open
 .text.HAL_PCD_EP_Receive
                0x08005148       0xe8 C:/Users/Thomas/Desktop/HEI4/Semestre1/Domaine/Reseau/hei-2018-2019-lab-sens-it-roland-gosselin-baron/sensit-sdk-v2.0.0/sdk/lib\libSENSIT_SDK_V2.0.0.a(stm32f0xx_hal_pcd.o)
                0x08005148                HAL_PCD_EP_Receive
 .text.HAL_PCD_EP_Transmit
                0x08005230      0x1e4 C:/Users/Thomas/Desktop/HEI4/Semestre1/Domaine/Reseau/hei-2018-2019-lab-sens-it-roland-gosselin-baron/sensit-sdk-v2.0.0/sdk/lib\libSENSIT_SDK_V2.0.0.a(stm32f0xx_hal_pcd.o)
                0x08005230                HAL_PCD_EP_Transmit
 .text.HAL_PCD_IRQHandler
                0x08005414      0x464 C:/Users/Thomas/Desktop/HEI4/Semestre1/Domaine/Reseau/hei-2018-2019-lab-sens-it-roland-gosselin-baron/sensit-sdk-v2.0.0/sdk/lib\libSENSIT_SDK_V2.0.0.a(stm32f0xx_hal_pcd.o)
                0x08005414                HAL_PCD_IRQHandler
 .text.HAL_PCD_EP_SetStall
                0x08005878       0x90 C:/Users/Thomas/Desktop/HEI4/Semestre1/Domaine/Reseau/hei-2018-2019-lab-sens-it-roland-gosselin-baron/sensit-sdk-v2.0.0/sdk/lib\libSENSIT_SDK_V2.0.0.a(stm32f0xx_hal_pcd.o)
                0x08005878                HAL_PCD_EP_SetStall
 .text.HAL_PCD_EP_ClrStall
                0x08005908       0xbc C:/Users/Thomas/Desktop/HEI4/Semestre1/Domaine/Reseau/hei-2018-2019-lab-sens-it-roland-gosselin-baron/sensit-sdk-v2.0.0/sdk/lib\libSENSIT_SDK_V2.0.0.a(stm32f0xx_hal_pcd.o)
                0x08005908                HAL_PCD_EP_ClrStall
 .text.MODULATION_ramp_up
                0x080059c4       0x28 C:/Users/Thomas/Desktop/HEI4/Semestre1/Domaine/Reseau/hei-2018-2019-lab-sens-it-roland-gosselin-baron/sensit-sdk-v2.0.0/sdk/lib\libSENSIT_SDK_V2.0.0.a(modulation.o)
 .text.MODULATION_ramp_down
                0x080059ec       0x2c C:/Users/Thomas/Desktop/HEI4/Semestre1/Domaine/Reseau/hei-2018-2019-lab-sens-it-roland-gosselin-baron/sensit-sdk-v2.0.0/sdk/lib\libSENSIT_SDK_V2.0.0.a(modulation.o)
 .text.MODULATION_init
                0x08005a18       0xe0 C:/Users/Thomas/Desktop/HEI4/Semestre1/Domaine/Reseau/hei-2018-2019-lab-sens-it-roland-gosselin-baron/sensit-sdk-v2.0.0/sdk/lib\libSENSIT_SDK_V2.0.0.a(modulation.o)
                0x08005a18                MODULATION_init
 .text.MODULATION_stop
                0x08005af8       0x3c C:/Users/Thomas/Desktop/HEI4/Semestre1/Domaine/Reseau/hei-2018-2019-lab-sens-it-roland-gosselin-baron/sensit-sdk-v2.0.0/sdk/lib\libSENSIT_SDK_V2.0.0.a(modulation.o)
                0x08005af8                MODULATION_stop
 .text.MODULATION_process
                0x08005b34       0xa4 C:/Users/Thomas/Desktop/HEI4/Semestre1/Domaine/Reseau/hei-2018-2019-lab-sens-it-roland-gosselin-baron/sensit-sdk-v2.0.0/sdk/lib\libSENSIT_SDK_V2.0.0.a(modulation.o)
                0x08005b34                MODULATION_process
 .text.TIM2_IRQHandler
                0x08005bd8       0x2c C:/Users/Thomas/Desktop/HEI4/Semestre1/Domaine/Reseau/hei-2018-2019-lab-sens-it-roland-gosselin-baron/sensit-sdk-v2.0.0/sdk/lib\libSENSIT_SDK_V2.0.0.a(modulation.o)
                0x08005bd8                TIM2_IRQHandler
 .text.__libc_init_array
                0x08005c04       0x48 c:/program files (x86)/gnu tools arm embedded/7 2018-q2-update/bin/../lib/gcc/arm-none-eabi/7.3.1/../../../../arm-none-eabi/lib/thumb/v6-m\libc.a(lib_a-init.o)
                0x08005c04                __libc_init_array
 .text.memset   0x08005c4c       0x9c c:/program files (x86)/gnu tools arm embedded/7 2018-q2-update/bin/../lib/gcc/arm-none-eabi/7.3.1/../../../../arm-none-eabi/lib/thumb/v6-m\libc.a(lib_a-memset.o)
                0x08005c4c                memset
 *(.glue_7)
 .glue_7        0x08005ce8        0x0 linker stubs
 *(.glue_7t)
 .glue_7t       0x08005ce8        0x0 linker stubs
 *(.eh_frame)
 *(.init)
 *(.fini)
                0x08005ce8                . = ALIGN (0x4)
                0x08005ce8                _etext = .

.vfp11_veneer   0x08005ce8        0x0
 .vfp11_veneer  0x08005ce8        0x0 linker stubs

.v4_bx          0x08005ce8        0x0
 .v4_bx         0x08005ce8        0x0 linker stubs

.iplt           0x08005ce8        0x0
 .iplt          0x08005ce8        0x0 C:/Users/Thomas/Desktop/HEI4/Semestre1/Domaine/Reseau/hei-2018-2019-lab-sens-it-roland-gosselin-baron/sensit-sdk-v2.0.0/sdk/obj/error.o

.rodata         0x08005ce8      0x3c4
                0x08005ce8                . = ALIGN (0x4)
 *(.rodata)
 .rodata        0x08005ce8       0x10 C:/Users/Thomas/Desktop/HEI4/Semestre1/Domaine/Reseau/hei-2018-2019-lab-sens-it-roland-gosselin-baron/sensit-sdk-v2.0.0/sdk/lib\libSENSIT_SDK_V2.0.0.a(nvmem_api.o)
 .rodata        0x08005cf8       0x34 C:/Users/Thomas/Desktop/HEI4/Semestre1/Domaine/Reseau/hei-2018-2019-lab-sens-it-roland-gosselin-baron/sensit-sdk-v2.0.0/sdk/lib\libSENSIT_SDK_V2.0.0.a(sigfox_internal.o)
                0x08005cf8                fsync_lut_tx
                0x08005d1c                public_key
 .rodata        0x08005d2c       0x10 C:/Users/Thomas/Desktop/HEI4/Semestre1/Domaine/Reseau/hei-2018-2019-lab-sens-it-roland-gosselin-baron/sensit-sdk-v2.0.0/sdk/lib\libSENSIT_SDK_V2.0.0.a(sigfox_scramb.o)
 .rodata        0x08005d3c      0x100 C:/Users/Thomas/Desktop/HEI4/Semestre1/Domaine/Reseau/hei-2018-2019-lab-sens-it-roland-gosselin-baron/sensit-sdk-v2.0.0/sdk/lib\libSENSIT_SDK_V2.0.0.a(aes.o)
                0x08005d3c                STable
 .rodata        0x08005e3c      0x190 C:/Users/Thomas/Desktop/HEI4/Semestre1/Domaine/Reseau/hei-2018-2019-lab-sens-it-roland-gosselin-baron/sensit-sdk-v2.0.0/sdk/lib\libSENSIT_SDK_V2.0.0.a(rf_api.o)
 .rodata        0x08005fcc       0x20 C:/Users/Thomas/Desktop/HEI4/Semestre1/Domaine/Reseau/hei-2018-2019-lab-sens-it-roland-gosselin-baron/sensit-sdk-v2.0.0/sdk/lib\libSENSIT_SDK_V2.0.0.a(sigfox_decode.o)
                0x08005fcc                pow_alpha
                0x08005fdc                log_alpha
 .rodata        0x08005fec       0x80 c:/program files (x86)/gnu tools arm embedded/7 2018-q2-update/bin/../lib/gcc/arm-none-eabi/7.3.1/thumb/v6-m\libgcc.a(divsf3.o)
 .rodata        0x0800606c       0x40 c:/program files (x86)/gnu tools arm embedded/7 2018-q2-update/bin/../lib/gcc/arm-none-eabi/7.3.1/thumb/v6-m\libgcc.a(mulsf3.o)
 *(.rodata*)
                0x080060ac                . = ALIGN (0x4)

.rel.dyn        0x080060ac        0x0
 .rel.iplt      0x080060ac        0x0 C:/Users/Thomas/Desktop/HEI4/Semestre1/Domaine/Reseau/hei-2018-2019-lab-sens-it-roland-gosselin-baron/sensit-sdk-v2.0.0/sdk/obj/error.o

.ARM.extab      0x080060ac        0x0
                0x080060ac                . = ALIGN (0x4)
 *(.ARM.extab* .gnu.linkonce.armextab.*)
                0x080060ac                . = ALIGN (0x4)

.ARM            0x080060ac        0x0
                0x080060ac                . = ALIGN (0x4)
                0x080060ac                __exidx_start = .
 *(.ARM.exidx*)
                0x080060ac                __exidx_end = .
                0x080060ac                . = ALIGN (0x4)

.preinit_array  0x080060ac        0x0
                0x080060ac                . = ALIGN (0x4)
                0x080060ac                PROVIDE (__preinit_array_start = .)
 *(.preinit_array*)
                0x080060ac                PROVIDE (__preinit_array_end = .)
                0x080060ac                . = ALIGN (0x4)

.init_array     0x080060ac        0x0
                0x080060ac                . = ALIGN (0x4)
                0x080060ac                PROVIDE (__init_array_start = .)
 *(SORT_BY_NAME(.init_array.*))
 *(.init_array*)
                0x080060ac                PROVIDE (__init_array_end = .)
                0x080060ac                . = ALIGN (0x4)

.fini_array     0x080060ac        0x0
                0x080060ac                . = ALIGN (0x4)
                [!provide]                PROVIDE (__fini_array_start = .)
 *(SORT_BY_NAME(.fini_array.*))
 *(.fini_array*)
                [!provide]                PROVIDE (__fini_array_end = .)
                0x080060ac                . = ALIGN (0x4)
                0x080060ac                _sidata = LOADADDR (.data)

.data           0x20000000      0x1e8 load address 0x080060ac
                0x20000000                . = ALIGN (0x4)
                0x20000000                _sdata = .
 *(.data)
 .data          0x20000000        0x2 C:/Users/Thomas/Desktop/HEI4/Semestre1/Domaine/Reseau/hei-2018-2019-lab-sens-it-roland-gosselin-baron/sensit-sdk-v2.0.0/sdk/obj/battery.o
 *fill*         0x20000002        0x2 
 .data          0x20000004       0xa0 C:/Users/Thomas/Desktop/HEI4/Semestre1/Domaine/Reseau/hei-2018-2019-lab-sens-it-roland-gosselin-baron/sensit-sdk-v2.0.0/sdk/obj/radio_api.o
 .data          0x200000a4       0x10 C:/Users/Thomas/Desktop/HEI4/Semestre1/Domaine/Reseau/hei-2018-2019-lab-sens-it-roland-gosselin-baron/sensit-sdk-v2.0.0/sdk/obj/main.o
                0x200000a4                firmware_version
 .data          0x200000b4       0x15 C:/Users/Thomas/Desktop/HEI4/Semestre1/Domaine/Reseau/hei-2018-2019-lab-sens-it-roland-gosselin-baron/sensit-sdk-v2.0.0/sdk/lib\libSENSIT_SDK_V2.0.0.a(nvmem_api.o)
 .data          0x200000c9        0x1 C:/Users/Thomas/Desktop/HEI4/Semestre1/Domaine/Reseau/hei-2018-2019-lab-sens-it-roland-gosselin-baron/sensit-sdk-v2.0.0/sdk/lib\libSENSIT_SDK_V2.0.0.a(radio.o)
 .data          0x200000ca      0x11d C:/Users/Thomas/Desktop/HEI4/Semestre1/Domaine/Reseau/hei-2018-2019-lab-sens-it-roland-gosselin-baron/sensit-sdk-v2.0.0/sdk/lib\libSENSIT_SDK_V2.0.0.a(modulation.o)
 *(.data*)
                0x200001e8                . = ALIGN (0x4)
 *fill*         0x200001e7        0x1 
                0x200001e8                _edata = .

.igot.plt       0x200001e8        0x0 load address 0x08006294
 .igot.plt      0x200001e8        0x0 C:/Users/Thomas/Desktop/HEI4/Semestre1/Domaine/Reseau/hei-2018-2019-lab-sens-it-roland-gosselin-baron/sensit-sdk-v2.0.0/sdk/obj/error.o
                0x200001e8                . = ALIGN (0x4)

.bss            0x200001e8      0x5d0 load address 0x08006294
                0x200001e8                _sbss = .
                0x200001e8                __bss_start__ = _sbss
 *(.bss)
 .bss           0x200001e8        0x1 C:/Users/Thomas/Desktop/HEI4/Semestre1/Domaine/Reseau/hei-2018-2019-lab-sens-it-roland-gosselin-baron/sensit-sdk-v2.0.0/sdk/obj/radio_api.o
 *fill*         0x200001e9        0x3 
 .bss           0x200001ec       0x50 C:/Users/Thomas/Desktop/HEI4/Semestre1/Domaine/Reseau/hei-2018-2019-lab-sens-it-roland-gosselin-baron/sensit-sdk-v2.0.0/sdk/obj/etsi.o
 .bss           0x2000023c       0x10 C:/Users/Thomas/Desktop/HEI4/Semestre1/Domaine/Reseau/hei-2018-2019-lab-sens-it-roland-gosselin-baron/sensit-sdk-v2.0.0/sdk/obj/fcc.o
 .bss           0x2000024c       0x10 C:/Users/Thomas/Desktop/HEI4/Semestre1/Domaine/Reseau/hei-2018-2019-lab-sens-it-roland-gosselin-baron/sensit-sdk-v2.0.0/sdk/obj/hts221.o
 .bss           0x2000025c       0xa8 C:/Users/Thomas/Desktop/HEI4/Semestre1/Domaine/Reseau/hei-2018-2019-lab-sens-it-roland-gosselin-baron/sensit-sdk-v2.0.0/sdk/lib\libSENSIT_SDK_V2.0.0.a(mcu_api.o)
 .bss           0x20000304       0x14 C:/Users/Thomas/Desktop/HEI4/Semestre1/Domaine/Reseau/hei-2018-2019-lab-sens-it-roland-gosselin-baron/sensit-sdk-v2.0.0/sdk/lib\libSENSIT_SDK_V2.0.0.a(nvmem_api.o)
 .bss           0x20000318        0x1 C:/Users/Thomas/Desktop/HEI4/Semestre1/Domaine/Reseau/hei-2018-2019-lab-sens-it-roland-gosselin-baron/sensit-sdk-v2.0.0/sdk/lib\libSENSIT_SDK_V2.0.0.a(radio.o)
 *fill*         0x20000319        0x3 
 .bss           0x2000031c        0xc C:/Users/Thomas/Desktop/HEI4/Semestre1/Domaine/Reseau/hei-2018-2019-lab-sens-it-roland-gosselin-baron/sensit-sdk-v2.0.0/sdk/lib\libSENSIT_SDK_V2.0.0.a(rtc.o)
                0x2000031c                rtc_current_time
                0x20000320                rtc_alarm_timer
                0x20000324                rx_timer
 .bss           0x20000328        0x1 C:/Users/Thomas/Desktop/HEI4/Semestre1/Domaine/Reseau/hei-2018-2019-lab-sens-it-roland-gosselin-baron/sensit-sdk-v2.0.0/sdk/lib\libSENSIT_SDK_V2.0.0.a(sigfox_api.o)
                0x20000328                g_state
 .bss           0x20000329        0x1 C:/Users/Thomas/Desktop/HEI4/Semestre1/Domaine/Reseau/hei-2018-2019-lab-sens-it-roland-gosselin-baron/sensit-sdk-v2.0.0/sdk/lib\libSENSIT_SDK_V2.0.0.a(sleep.o)
 .bss           0x2000032a      0x204 C:/Users/Thomas/Desktop/HEI4/Semestre1/Domaine/Reseau/hei-2018-2019-lab-sens-it-roland-gosselin-baron/sensit-sdk-v2.0.0/sdk/lib\libSENSIT_SDK_V2.0.0.a(uart.o)
 .bss           0x2000052e        0x1 C:/Users/Thomas/Desktop/HEI4/Semestre1/Domaine/Reseau/hei-2018-2019-lab-sens-it-roland-gosselin-baron/sensit-sdk-v2.0.0/sdk/lib\libSENSIT_SDK_V2.0.0.a(usbd_ctlreq.o)
 *fill*         0x2000052f        0x1 
 .bss           0x20000530        0x4 C:/Users/Thomas/Desktop/HEI4/Semestre1/Domaine/Reseau/hei-2018-2019-lab-sens-it-roland-gosselin-baron/sensit-sdk-v2.0.0/sdk/lib\libSENSIT_SDK_V2.0.0.a(adc.o)
 .bss           0x20000534        0xc C:/Users/Thomas/Desktop/HEI4/Semestre1/Domaine/Reseau/hei-2018-2019-lab-sens-it-roland-gosselin-baron/sensit-sdk-v2.0.0/sdk/lib\libSENSIT_SDK_V2.0.0.a(calib.o)
 .bss           0x20000540        0x1 C:/Users/Thomas/Desktop/HEI4/Semestre1/Domaine/Reseau/hei-2018-2019-lab-sens-it-roland-gosselin-baron/sensit-sdk-v2.0.0/sdk/lib\libSENSIT_SDK_V2.0.0.a(led.o)
 *fill*         0x20000541        0x3 
 .bss           0x20000544       0x1d C:/Users/Thomas/Desktop/HEI4/Semestre1/Domaine/Reseau/hei-2018-2019-lab-sens-it-roland-gosselin-baron/sensit-sdk-v2.0.0/sdk/lib\libSENSIT_SDK_V2.0.0.a(modulation.o)
 *(.bss*)
 *(COMMON)
 COMMON         0x20000561        0x1 C:/Users/Thomas/Desktop/HEI4/Semestre1/Domaine/Reseau/hei-2018-2019-lab-sens-it-roland-gosselin-baron/sensit-sdk-v2.0.0/sdk/obj/error.o
                0x20000561                pending_interrupt
 *fill*         0x20000562        0x2 
 COMMON         0x20000564        0x9 C:/Users/Thomas/Desktop/HEI4/Semestre1/Domaine/Reseau/hei-2018-2019-lab-sens-it-roland-gosselin-baron/sensit-sdk-v2.0.0/sdk/lib\libSENSIT_SDK_V2.0.0.a(mcu_api.o)
                0x20000564                sleep_end
                0x20000568                cs_timer
                0x2000056c                tx_end
 *fill*         0x2000056d        0x3 
 COMMON         0x20000570        0x4 C:/Users/Thomas/Desktop/HEI4/Semestre1/Domaine/Reseau/hei-2018-2019-lab-sens-it-roland-gosselin-baron/sensit-sdk-v2.0.0/sdk/lib\libSENSIT_SDK_V2.0.0.a(rtc.o)
                0x20000570                rtc_alarm_reload
 COMMON         0x20000574        0x4 C:/Users/Thomas/Desktop/HEI4/Semestre1/Domaine/Reseau/hei-2018-2019-lab-sens-it-roland-gosselin-baron/sensit-sdk-v2.0.0/sdk/lib\libSENSIT_SDK_V2.0.0.a(sigfox_api.o)
                0x20000574                rs
 COMMON         0x20000578      0x220 C:/Users/Thomas/Desktop/HEI4/Semestre1/Domaine/Reseau/hei-2018-2019-lab-sens-it-roland-gosselin-baron/sensit-sdk-v2.0.0/sdk/lib\libSENSIT_SDK_V2.0.0.a(usbd_conf.o)
                0x20000578                hpcd_USB_FS
 COMMON         0x20000798       0x20 C:/Users/Thomas/Desktop/HEI4/Semestre1/Domaine/Reseau/hei-2018-2019-lab-sens-it-roland-gosselin-baron/sensit-sdk-v2.0.0/sdk/lib\libSENSIT_SDK_V2.0.0.a(sigfox_hmac.o)
                0x20000798                aes_in
                0x200007b8                . = ALIGN (0x4)
                0x200007b8                _ebss = .
                0x200007b8                __bss_end__ = _ebss

._user_heap_stack
                0x200007b8      0x400 load address 0x08006294
                0x200007b8                . = ALIGN (0x8)
                [!provide]                PROVIDE (end = .)
                [!provide]                PROVIDE (_end = .)
                0x200007b8                . = (. + _Min_Heap_Size)
                0x20000bb8                . = (. + _Min_Stack_Size)
 *fill*         0x200007b8      0x400 
                0x20000bb8                . = ALIGN (0x8)

/DISCARD/
 libc.a(*)
 libm.a(*)
 libgcc.a(*)

.ARM.attributes
                0x00000000       0x2f
 *(.ARM.attributes)
 .ARM.attributes
                0x00000000       0x31 C:/Users/Thomas/Desktop/HEI4/Semestre1/Domaine/Reseau/hei-2018-2019-lab-sens-it-roland-gosselin-baron/sensit-sdk-v2.0.0/sdk/obj/error.o
 .ARM.attributes
                0x00000031       0x31 C:/Users/Thomas/Desktop/HEI4/Semestre1/Domaine/Reseau/hei-2018-2019-lab-sens-it-roland-gosselin-baron/sensit-sdk-v2.0.0/sdk/obj/button.o
 .ARM.attributes
                0x00000062       0x31 C:/Users/Thomas/Desktop/HEI4/Semestre1/Domaine/Reseau/hei-2018-2019-lab-sens-it-roland-gosselin-baron/sensit-sdk-v2.0.0/sdk/obj/battery.o
 .ARM.attributes
                0x00000093       0x31 C:/Users/Thomas/Desktop/HEI4/Semestre1/Domaine/Reseau/hei-2018-2019-lab-sens-it-roland-gosselin-baron/sensit-sdk-v2.0.0/sdk/obj/callback.o
 .ARM.attributes
                0x000000c4       0x31 C:/Users/Thomas/Desktop/HEI4/Semestre1/Domaine/Reseau/hei-2018-2019-lab-sens-it-roland-gosselin-baron/sensit-sdk-v2.0.0/sdk/obj/radio_api.o
 .ARM.attributes
                0x000000f5       0x31 C:/Users/Thomas/Desktop/HEI4/Semestre1/Domaine/Reseau/hei-2018-2019-lab-sens-it-roland-gosselin-baron/sensit-sdk-v2.0.0/sdk/obj/etsi.o
 .ARM.attributes
                0x00000126       0x31 C:/Users/Thomas/Desktop/HEI4/Semestre1/Domaine/Reseau/hei-2018-2019-lab-sens-it-roland-gosselin-baron/sensit-sdk-v2.0.0/sdk/obj/fcc.o
 .ARM.attributes
                0x00000157       0x31 C:/Users/Thomas/Desktop/HEI4/Semestre1/Domaine/Reseau/hei-2018-2019-lab-sens-it-roland-gosselin-baron/sensit-sdk-v2.0.0/sdk/obj/hts221.o
 .ARM.attributes
                0x00000188       0x31 C:/Users/Thomas/Desktop/HEI4/Semestre1/Domaine/Reseau/hei-2018-2019-lab-sens-it-roland-gosselin-baron/sensit-sdk-v2.0.0/sdk/obj/ltr329.o
 .ARM.attributes
                0x000001b9       0x31 C:/Users/Thomas/Desktop/HEI4/Semestre1/Domaine/Reseau/hei-2018-2019-lab-sens-it-roland-gosselin-baron/sensit-sdk-v2.0.0/sdk/obj/fxos8700.o
 .ARM.attributes
                0x000001ea       0x31 C:/Users/Thomas/Desktop/HEI4/Semestre1/Domaine/Reseau/hei-2018-2019-lab-sens-it-roland-gosselin-baron/sensit-sdk-v2.0.0/sdk/obj/discovery.o
 .ARM.attributes
                0x0000021b       0x31 C:/Users/Thomas/Desktop/HEI4/Semestre1/Domaine/Reseau/hei-2018-2019-lab-sens-it-roland-gosselin-baron/sensit-sdk-v2.0.0/sdk/obj/main.o
 .ARM.attributes
                0x0000024c       0x31 C:/Users/Thomas/Desktop/HEI4/Semestre1/Domaine/Reseau/hei-2018-2019-lab-sens-it-roland-gosselin-baron/sensit-sdk-v2.0.0/sdk/lib\libSENSIT_SDK_V2.0.0.a(mcu_api.o)
 .ARM.attributes
                0x0000027d       0x31 C:/Users/Thomas/Desktop/HEI4/Semestre1/Domaine/Reseau/hei-2018-2019-lab-sens-it-roland-gosselin-baron/sensit-sdk-v2.0.0/sdk/lib\libSENSIT_SDK_V2.0.0.a(nvmem_api.o)
 .ARM.attributes
                0x000002ae       0x31 C:/Users/Thomas/Desktop/HEI4/Semestre1/Domaine/Reseau/hei-2018-2019-lab-sens-it-roland-gosselin-baron/sensit-sdk-v2.0.0/sdk/lib\libSENSIT_SDK_V2.0.0.a(radio.o)
 .ARM.attributes
                0x000002df       0x31 C:/Users/Thomas/Desktop/HEI4/Semestre1/Domaine/Reseau/hei-2018-2019-lab-sens-it-roland-gosselin-baron/sensit-sdk-v2.0.0/sdk/lib\libSENSIT_SDK_V2.0.0.a(rtc.o)
 .ARM.attributes
                0x00000310       0x31 C:/Users/Thomas/Desktop/HEI4/Semestre1/Domaine/Reseau/hei-2018-2019-lab-sens-it-roland-gosselin-baron/sensit-sdk-v2.0.0/sdk/lib\libSENSIT_SDK_V2.0.0.a(sensit_api.o)
 .ARM.attributes
                0x00000341       0x31 C:/Users/Thomas/Desktop/HEI4/Semestre1/Domaine/Reseau/hei-2018-2019-lab-sens-it-roland-gosselin-baron/sensit-sdk-v2.0.0/sdk/lib\libSENSIT_SDK_V2.0.0.a(sigfox_api.o)
 .ARM.attributes
                0x00000372       0x31 C:/Users/Thomas/Desktop/HEI4/Semestre1/Domaine/Reseau/hei-2018-2019-lab-sens-it-roland-gosselin-baron/sensit-sdk-v2.0.0/sdk/lib\libSENSIT_SDK_V2.0.0.a(sigfox_internal.o)
 .ARM.attributes
                0x000003a3       0x31 C:/Users/Thomas/Desktop/HEI4/Semestre1/Domaine/Reseau/hei-2018-2019-lab-sens-it-roland-gosselin-baron/sensit-sdk-v2.0.0/sdk/lib\libSENSIT_SDK_V2.0.0.a(sigfox_pn.o)
 .ARM.attributes
                0x000003d4       0x31 C:/Users/Thomas/Desktop/HEI4/Semestre1/Domaine/Reseau/hei-2018-2019-lab-sens-it-roland-gosselin-baron/sensit-sdk-v2.0.0/sdk/lib\libSENSIT_SDK_V2.0.0.a(sigfox_scramb.o)
 .ARM.attributes
                0x00000405       0x31 C:/Users/Thomas/Desktop/HEI4/Semestre1/Domaine/Reseau/hei-2018-2019-lab-sens-it-roland-gosselin-baron/sensit-sdk-v2.0.0/sdk/lib\libSENSIT_SDK_V2.0.0.a(sleep.o)
 .ARM.attributes
                0x00000436       0x31 C:/Users/Thomas/Desktop/HEI4/Semestre1/Domaine/Reseau/hei-2018-2019-lab-sens-it-roland-gosselin-baron/sensit-sdk-v2.0.0/sdk/lib\libSENSIT_SDK_V2.0.0.a(spi.o)
 .ARM.attributes
                0x00000467       0x21 C:/Users/Thomas/Desktop/HEI4/Semestre1/Domaine/Reseau/hei-2018-2019-lab-sens-it-roland-gosselin-baron/sensit-sdk-v2.0.0/sdk/lib\libSENSIT_SDK_V2.0.0.a(startup_stm32f042x6.o)
 .ARM.attributes
                0x00000488       0x31 C:/Users/Thomas/Desktop/HEI4/Semestre1/Domaine/Reseau/hei-2018-2019-lab-sens-it-roland-gosselin-baron/sensit-sdk-v2.0.0/sdk/lib\libSENSIT_SDK_V2.0.0.a(system_stm32f0xx.o)
 .ARM.attributes
                0x000004b9       0x31 C:/Users/Thomas/Desktop/HEI4/Semestre1/Domaine/Reseau/hei-2018-2019-lab-sens-it-roland-gosselin-baron/sensit-sdk-v2.0.0/sdk/lib\libSENSIT_SDK_V2.0.0.a(systick.o)
 .ARM.attributes
                0x000004ea       0x31 C:/Users/Thomas/Desktop/HEI4/Semestre1/Domaine/Reseau/hei-2018-2019-lab-sens-it-roland-gosselin-baron/sensit-sdk-v2.0.0/sdk/lib\libSENSIT_SDK_V2.0.0.a(uart.o)
 .ARM.attributes
                0x0000051b       0x31 C:/Users/Thomas/Desktop/HEI4/Semestre1/Domaine/Reseau/hei-2018-2019-lab-sens-it-roland-gosselin-baron/sensit-sdk-v2.0.0/sdk/lib\libSENSIT_SDK_V2.0.0.a(usbd_conf.o)
 .ARM.attributes
                0x0000054c       0x31 C:/Users/Thomas/Desktop/HEI4/Semestre1/Domaine/Reseau/hei-2018-2019-lab-sens-it-roland-gosselin-baron/sensit-sdk-v2.0.0/sdk/lib\libSENSIT_SDK_V2.0.0.a(usbd_core.o)
 .ARM.attributes
                0x0000057d       0x31 C:/Users/Thomas/Desktop/HEI4/Semestre1/Domaine/Reseau/hei-2018-2019-lab-sens-it-roland-gosselin-baron/sensit-sdk-v2.0.0/sdk/lib\libSENSIT_SDK_V2.0.0.a(usbd_ctlreq.o)
 .ARM.attributes
                0x000005ae       0x31 C:/Users/Thomas/Desktop/HEI4/Semestre1/Domaine/Reseau/hei-2018-2019-lab-sens-it-roland-gosselin-baron/sensit-sdk-v2.0.0/sdk/lib\libSENSIT_SDK_V2.0.0.a(usbd_ioreq.o)
 .ARM.attributes
                0x000005df       0x31 C:/Users/Thomas/Desktop/HEI4/Semestre1/Domaine/Reseau/hei-2018-2019-lab-sens-it-roland-gosselin-baron/sensit-sdk-v2.0.0/sdk/lib\libSENSIT_SDK_V2.0.0.a(watchdog.o)
 .ARM.attributes
                0x00000610       0x31 C:/Users/Thomas/Desktop/HEI4/Semestre1/Domaine/Reseau/hei-2018-2019-lab-sens-it-roland-gosselin-baron/sensit-sdk-v2.0.0/sdk/lib\libSENSIT_SDK_V2.0.0.a(adc.o)
 .ARM.attributes
                0x00000641       0x31 C:/Users/Thomas/Desktop/HEI4/Semestre1/Domaine/Reseau/hei-2018-2019-lab-sens-it-roland-gosselin-baron/sensit-sdk-v2.0.0/sdk/lib\libSENSIT_SDK_V2.0.0.a(aes.o)
 .ARM.attributes
                0x00000672       0x31 C:/Users/Thomas/Desktop/HEI4/Semestre1/Domaine/Reseau/hei-2018-2019-lab-sens-it-roland-gosselin-baron/sensit-sdk-v2.0.0/sdk/lib\libSENSIT_SDK_V2.0.0.a(calib.o)
 .ARM.attributes
                0x000006a3       0x31 C:/Users/Thomas/Desktop/HEI4/Semestre1/Domaine/Reseau/hei-2018-2019-lab-sens-it-roland-gosselin-baron/sensit-sdk-v2.0.0/sdk/lib\libSENSIT_SDK_V2.0.0.a(cc1125.o)
 .ARM.attributes
                0x000006d4       0x31 C:/Users/Thomas/Desktop/HEI4/Semestre1/Domaine/Reseau/hei-2018-2019-lab-sens-it-roland-gosselin-baron/sensit-sdk-v2.0.0/sdk/lib\libSENSIT_SDK_V2.0.0.a(crc.o)
 .ARM.attributes
                0x00000705       0x31 C:/Users/Thomas/Desktop/HEI4/Semestre1/Domaine/Reseau/hei-2018-2019-lab-sens-it-roland-gosselin-baron/sensit-sdk-v2.0.0/sdk/lib\libSENSIT_SDK_V2.0.0.a(flash.o)
 .ARM.attributes
                0x00000736       0x31 C:/Users/Thomas/Desktop/HEI4/Semestre1/Domaine/Reseau/hei-2018-2019-lab-sens-it-roland-gosselin-baron/sensit-sdk-v2.0.0/sdk/lib\libSENSIT_SDK_V2.0.0.a(gpio.o)
 .ARM.attributes
                0x00000767       0x31 C:/Users/Thomas/Desktop/HEI4/Semestre1/Domaine/Reseau/hei-2018-2019-lab-sens-it-roland-gosselin-baron/sensit-sdk-v2.0.0/sdk/lib\libSENSIT_SDK_V2.0.0.a(i2c.o)
 .ARM.attributes
                0x00000798       0x31 C:/Users/Thomas/Desktop/HEI4/Semestre1/Domaine/Reseau/hei-2018-2019-lab-sens-it-roland-gosselin-baron/sensit-sdk-v2.0.0/sdk/lib\libSENSIT_SDK_V2.0.0.a(led.o)
 .ARM.attributes
                0x000007c9       0x31 C:/Users/Thomas/Desktop/HEI4/Semestre1/Domaine/Reseau/hei-2018-2019-lab-sens-it-roland-gosselin-baron/sensit-sdk-v2.0.0/sdk/lib\libSENSIT_SDK_V2.0.0.a(my_string.o)
 .ARM.attributes
                0x000007fa       0x31 C:/Users/Thomas/Desktop/HEI4/Semestre1/Domaine/Reseau/hei-2018-2019-lab-sens-it-roland-gosselin-baron/sensit-sdk-v2.0.0/sdk/lib\libSENSIT_SDK_V2.0.0.a(rf_api.o)
 .ARM.attributes
                0x0000082b       0x31 C:/Users/Thomas/Desktop/HEI4/Semestre1/Domaine/Reseau/hei-2018-2019-lab-sens-it-roland-gosselin-baron/sensit-sdk-v2.0.0/sdk/lib\libSENSIT_SDK_V2.0.0.a(sigfox_crc.o)
 .ARM.attributes
                0x0000085c       0x31 C:/Users/Thomas/Desktop/HEI4/Semestre1/Domaine/Reseau/hei-2018-2019-lab-sens-it-roland-gosselin-baron/sensit-sdk-v2.0.0/sdk/lib\libSENSIT_SDK_V2.0.0.a(sigfox_decode.o)
 .ARM.attributes
                0x0000088d       0x31 C:/Users/Thomas/Desktop/HEI4/Semestre1/Domaine/Reseau/hei-2018-2019-lab-sens-it-roland-gosselin-baron/sensit-sdk-v2.0.0/sdk/lib\libSENSIT_SDK_V2.0.0.a(sigfox_hmac.o)
 .ARM.attributes
                0x000008be       0x31 C:/Users/Thomas/Desktop/HEI4/Semestre1/Domaine/Reseau/hei-2018-2019-lab-sens-it-roland-gosselin-baron/sensit-sdk-v2.0.0/sdk/lib\libSENSIT_SDK_V2.0.0.a(stm32f0xx_hal_pcd.o)
 .ARM.attributes
                0x000008ef       0x31 C:/Users/Thomas/Desktop/HEI4/Semestre1/Domaine/Reseau/hei-2018-2019-lab-sens-it-roland-gosselin-baron/sensit-sdk-v2.0.0/sdk/lib\libSENSIT_SDK_V2.0.0.a(modulation.o)
OUTPUT(C:/Users/Thomas/Desktop/HEI4/Semestre1/Domaine/Reseau/hei-2018-2019-lab-sens-it-roland-gosselin-baron/sensit-sdk-v2.0.0/sdk/bin/sensit.elf elf32-littlearm)

.debug_info     0x00000000     0x25b8
 .debug_info    0x00000000      0x3cb C:/Users/Thomas/Desktop/HEI4/Semestre1/Domaine/Reseau/hei-2018-2019-lab-sens-it-roland-gosselin-baron/sensit-sdk-v2.0.0/sdk/obj/error.o
 .debug_info    0x000003cb      0x1e9 C:/Users/Thomas/Desktop/HEI4/Semestre1/Domaine/Reseau/hei-2018-2019-lab-sens-it-roland-gosselin-baron/sensit-sdk-v2.0.0/sdk/obj/button.o
 .debug_info    0x000005b4      0x2fa C:/Users/Thomas/Desktop/HEI4/Semestre1/Domaine/Reseau/hei-2018-2019-lab-sens-it-roland-gosselin-baron/sensit-sdk-v2.0.0/sdk/obj/battery.o
 .debug_info    0x000008ae       0x92 C:/Users/Thomas/Desktop/HEI4/Semestre1/Domaine/Reseau/hei-2018-2019-lab-sens-it-roland-gosselin-baron/sensit-sdk-v2.0.0/sdk/obj/callback.o
 .debug_info    0x00000940      0x4a4 C:/Users/Thomas/Desktop/HEI4/Semestre1/Domaine/Reseau/hei-2018-2019-lab-sens-it-roland-gosselin-baron/sensit-sdk-v2.0.0/sdk/obj/radio_api.o
 .debug_info    0x00000de4      0x182 C:/Users/Thomas/Desktop/HEI4/Semestre1/Domaine/Reseau/hei-2018-2019-lab-sens-it-roland-gosselin-baron/sensit-sdk-v2.0.0/sdk/obj/etsi.o
 .debug_info    0x00000f66      0x173 C:/Users/Thomas/Desktop/HEI4/Semestre1/Domaine/Reseau/hei-2018-2019-lab-sens-it-roland-gosselin-baron/sensit-sdk-v2.0.0/sdk/obj/fcc.o
 .debug_info    0x000010d9      0x357 C:/Users/Thomas/Desktop/HEI4/Semestre1/Domaine/Reseau/hei-2018-2019-lab-sens-it-roland-gosselin-baron/sensit-sdk-v2.0.0/sdk/obj/hts221.o
 .debug_info    0x00001430      0x364 C:/Users/Thomas/Desktop/HEI4/Semestre1/Domaine/Reseau/hei-2018-2019-lab-sens-it-roland-gosselin-baron/sensit-sdk-v2.0.0/sdk/obj/ltr329.o
 .debug_info    0x00001794      0x4f3 C:/Users/Thomas/Desktop/HEI4/Semestre1/Domaine/Reseau/hei-2018-2019-lab-sens-it-roland-gosselin-baron/sensit-sdk-v2.0.0/sdk/obj/fxos8700.o
 .debug_info    0x00001c87      0x2f3 C:/Users/Thomas/Desktop/HEI4/Semestre1/Domaine/Reseau/hei-2018-2019-lab-sens-it-roland-gosselin-baron/sensit-sdk-v2.0.0/sdk/obj/discovery.o
 .debug_info    0x00001f7a      0x63e C:/Users/Thomas/Desktop/HEI4/Semestre1/Domaine/Reseau/hei-2018-2019-lab-sens-it-roland-gosselin-baron/sensit-sdk-v2.0.0/sdk/obj/main.o

.debug_abbrev   0x00000000      0xe0a
 .debug_abbrev  0x00000000      0x133 C:/Users/Thomas/Desktop/HEI4/Semestre1/Domaine/Reseau/hei-2018-2019-lab-sens-it-roland-gosselin-baron/sensit-sdk-v2.0.0/sdk/obj/error.o
 .debug_abbrev  0x00000133      0x10e C:/Users/Thomas/Desktop/HEI4/Semestre1/Domaine/Reseau/hei-2018-2019-lab-sens-it-roland-gosselin-baron/sensit-sdk-v2.0.0/sdk/obj/button.o
 .debug_abbrev  0x00000241      0x177 C:/Users/Thomas/Desktop/HEI4/Semestre1/Domaine/Reseau/hei-2018-2019-lab-sens-it-roland-gosselin-baron/sensit-sdk-v2.0.0/sdk/obj/battery.o
 .debug_abbrev  0x000003b8       0x60 C:/Users/Thomas/Desktop/HEI4/Semestre1/Domaine/Reseau/hei-2018-2019-lab-sens-it-roland-gosselin-baron/sensit-sdk-v2.0.0/sdk/obj/callback.o
 .debug_abbrev  0x00000418      0x18b C:/Users/Thomas/Desktop/HEI4/Semestre1/Domaine/Reseau/hei-2018-2019-lab-sens-it-roland-gosselin-baron/sensit-sdk-v2.0.0/sdk/obj/radio_api.o
 .debug_abbrev  0x000005a3      0x110 C:/Users/Thomas/Desktop/HEI4/Semestre1/Domaine/Reseau/hei-2018-2019-lab-sens-it-roland-gosselin-baron/sensit-sdk-v2.0.0/sdk/obj/etsi.o
 .debug_abbrev  0x000006b3      0x110 C:/Users/Thomas/Desktop/HEI4/Semestre1/Domaine/Reseau/hei-2018-2019-lab-sens-it-roland-gosselin-baron/sensit-sdk-v2.0.0/sdk/obj/fcc.o
 .debug_abbrev  0x000007c3      0x137 C:/Users/Thomas/Desktop/HEI4/Semestre1/Domaine/Reseau/hei-2018-2019-lab-sens-it-roland-gosselin-baron/sensit-sdk-v2.0.0/sdk/obj/hts221.o
 .debug_abbrev  0x000008fa      0x135 C:/Users/Thomas/Desktop/HEI4/Semestre1/Domaine/Reseau/hei-2018-2019-lab-sens-it-roland-gosselin-baron/sensit-sdk-v2.0.0/sdk/obj/ltr329.o
 .debug_abbrev  0x00000a2f      0x15a C:/Users/Thomas/Desktop/HEI4/Semestre1/Domaine/Reseau/hei-2018-2019-lab-sens-it-roland-gosselin-baron/sensit-sdk-v2.0.0/sdk/obj/fxos8700.o
 .debug_abbrev  0x00000b89       0xe0 C:/Users/Thomas/Desktop/HEI4/Semestre1/Domaine/Reseau/hei-2018-2019-lab-sens-it-roland-gosselin-baron/sensit-sdk-v2.0.0/sdk/obj/discovery.o
 .debug_abbrev  0x00000c69      0x1a1 C:/Users/Thomas/Desktop/HEI4/Semestre1/Domaine/Reseau/hei-2018-2019-lab-sens-it-roland-gosselin-baron/sensit-sdk-v2.0.0/sdk/obj/main.o

.debug_loc      0x00000000      0xc01
 .debug_loc     0x00000000       0xfb C:/Users/Thomas/Desktop/HEI4/Semestre1/Domaine/Reseau/hei-2018-2019-lab-sens-it-roland-gosselin-baron/sensit-sdk-v2.0.0/sdk/obj/error.o
 .debug_loc     0x000000fb       0x95 C:/Users/Thomas/Desktop/HEI4/Semestre1/Domaine/Reseau/hei-2018-2019-lab-sens-it-roland-gosselin-baron/sensit-sdk-v2.0.0/sdk/obj/button.o
 .debug_loc     0x00000190       0x7a C:/Users/Thomas/Desktop/HEI4/Semestre1/Domaine/Reseau/hei-2018-2019-lab-sens-it-roland-gosselin-baron/sensit-sdk-v2.0.0/sdk/obj/battery.o
 .debug_loc     0x0000020a      0x161 C:/Users/Thomas/Desktop/HEI4/Semestre1/Domaine/Reseau/hei-2018-2019-lab-sens-it-roland-gosselin-baron/sensit-sdk-v2.0.0/sdk/obj/radio_api.o
 .debug_loc     0x0000036b       0xe9 C:/Users/Thomas/Desktop/HEI4/Semestre1/Domaine/Reseau/hei-2018-2019-lab-sens-it-roland-gosselin-baron/sensit-sdk-v2.0.0/sdk/obj/etsi.o
 .debug_loc     0x00000454       0xae C:/Users/Thomas/Desktop/HEI4/Semestre1/Domaine/Reseau/hei-2018-2019-lab-sens-it-roland-gosselin-baron/sensit-sdk-v2.0.0/sdk/obj/fcc.o
 .debug_loc     0x00000502      0x241 C:/Users/Thomas/Desktop/HEI4/Semestre1/Domaine/Reseau/hei-2018-2019-lab-sens-it-roland-gosselin-baron/sensit-sdk-v2.0.0/sdk/obj/hts221.o
 .debug_loc     0x00000743      0x176 C:/Users/Thomas/Desktop/HEI4/Semestre1/Domaine/Reseau/hei-2018-2019-lab-sens-it-roland-gosselin-baron/sensit-sdk-v2.0.0/sdk/obj/ltr329.o
 .debug_loc     0x000008b9      0x223 C:/Users/Thomas/Desktop/HEI4/Semestre1/Domaine/Reseau/hei-2018-2019-lab-sens-it-roland-gosselin-baron/sensit-sdk-v2.0.0/sdk/obj/fxos8700.o